../Drivers/CMSIS/Include/core_cm4.h:1816:22:__NVIC_SetPriority	16	static
../Drivers/CMSIS/Include/core_cm4.h:2022:26:SysTick_Config	16	static
../Core/Src/main.c:85:6:SPI_Receive	16	static
../Core/Src/main.c:103:6:SetPinToStateOfLastBit	16	static
../Core/Src/main.c:124:6:ChangeEncoder	4	static
../Core/Src/main.c:142:6:SetShiftRegisters	16	static
../Core/Src/main.c:190:10:GetCurrentEncoderData	16	static
../Core/Src/main.c:197:6:CollectDataFromEncoders	24	static
../Core/Src/main.c:219:5:main	8	static
../Core/Src/main.c:271:6:SystemClock_Config	88	static
../Core/Src/main.c:316:13:MX_SPI1_Init	8	static
../Core/Src/main.c:353:13:MX_GPIO_Init	48	static
../Core/Src/main.c:441:6:Error_Handler	4	static,ignoring_inline_asm
