Archive member included to satisfy reference by file (symbol)

c:/st/stm32cubeide_1.6.1/stm32cubeide/plugins/com.st.stm32cube.ide.mcu.externaltools.gnu-tools-for-stm32.10.3-2021.10.win32_1.0.200.202301161003/tools/bin/../lib/gcc/arm-none-eabi/10.3.1/../../../../arm-none-eabi/lib/thumb/v7e-m+fp/hard\libc_nano.a(lib_a-atoi.o)
                              ./Middlewares/Third_Party/LwIP/src/core/netif.o (atoi)
c:/st/stm32cubeide_1.6.1/stm32cubeide/plugins/com.st.stm32cube.ide.mcu.externaltools.gnu-tools-for-stm32.10.3-2021.10.win32_1.0.200.202301161003/tools/bin/../lib/gcc/arm-none-eabi/10.3.1/../../../../arm-none-eabi/lib/thumb/v7e-m+fp/hard\libc_nano.a(lib_a-ctype_.o)
                              ./Middlewares/Third_Party/LwIP/src/core/ipv4/ip4_addr.o (_ctype_)
c:/st/stm32cubeide_1.6.1/stm32cubeide/plugins/com.st.stm32cube.ide.mcu.externaltools.gnu-tools-for-stm32.10.3-2021.10.win32_1.0.200.202301161003/tools/bin/../lib/gcc/arm-none-eabi/10.3.1/../../../../arm-none-eabi/lib/thumb/v7e-m+fp/hard\libc_nano.a(lib_a-exit.o)
                              c:/st/stm32cubeide_1.6.1/stm32cubeide/plugins/com.st.stm32cube.ide.mcu.externaltools.gnu-tools-for-stm32.10.3-2021.10.win32_1.0.200.202301161003/tools/bin/../lib/gcc/arm-none-eabi/10.3.1/../../../../arm-none-eabi/lib/thumb/v7e-m+fp/hard/crt0.o (exit)
c:/st/stm32cubeide_1.6.1/stm32cubeide/plugins/com.st.stm32cube.ide.mcu.externaltools.gnu-tools-for-stm32.10.3-2021.10.win32_1.0.200.202301161003/tools/bin/../lib/gcc/arm-none-eabi/10.3.1/../../../../arm-none-eabi/lib/thumb/v7e-m+fp/hard\libc_nano.a(lib_a-impure.o)
                              c:/st/stm32cubeide_1.6.1/stm32cubeide/plugins/com.st.stm32cube.ide.mcu.externaltools.gnu-tools-for-stm32.10.3-2021.10.win32_1.0.200.202301161003/tools/bin/../lib/gcc/arm-none-eabi/10.3.1/../../../../arm-none-eabi/lib/thumb/v7e-m+fp/hard\libc_nano.a(lib_a-exit.o) (_global_impure_ptr)
c:/st/stm32cubeide_1.6.1/stm32cubeide/plugins/com.st.stm32cube.ide.mcu.externaltools.gnu-tools-for-stm32.10.3-2021.10.win32_1.0.200.202301161003/tools/bin/../lib/gcc/arm-none-eabi/10.3.1/../../../../arm-none-eabi/lib/thumb/v7e-m+fp/hard\libc_nano.a(lib_a-init.o)
                              c:/st/stm32cubeide_1.6.1/stm32cubeide/plugins/com.st.stm32cube.ide.mcu.externaltools.gnu-tools-for-stm32.10.3-2021.10.win32_1.0.200.202301161003/tools/bin/../lib/gcc/arm-none-eabi/10.3.1/../../../../arm-none-eabi/lib/thumb/v7e-m+fp/hard/crt0.o (__libc_init_array)
c:/st/stm32cubeide_1.6.1/stm32cubeide/plugins/com.st.stm32cube.ide.mcu.externaltools.gnu-tools-for-stm32.10.3-2021.10.win32_1.0.200.202301161003/tools/bin/../lib/gcc/arm-none-eabi/10.3.1/../../../../arm-none-eabi/lib/thumb/v7e-m+fp/hard\libc_nano.a(lib_a-memcmp.o)
                              ./Middlewares/Third_Party/LwIP/src/netif/bridgeif_fdb.o (memcmp)
c:/st/stm32cubeide_1.6.1/stm32cubeide/plugins/com.st.stm32cube.ide.mcu.externaltools.gnu-tools-for-stm32.10.3-2021.10.win32_1.0.200.202301161003/tools/bin/../lib/gcc/arm-none-eabi/10.3.1/../../../../arm-none-eabi/lib/thumb/v7e-m+fp/hard\libc_nano.a(lib_a-memcpy-stub.o)
                              ./Core/Src/udp_server.o (memcpy)
c:/st/stm32cubeide_1.6.1/stm32cubeide/plugins/com.st.stm32cube.ide.mcu.externaltools.gnu-tools-for-stm32.10.3-2021.10.win32_1.0.200.202301161003/tools/bin/../lib/gcc/arm-none-eabi/10.3.1/../../../../arm-none-eabi/lib/thumb/v7e-m+fp/hard\libc_nano.a(lib_a-memmove.o)
                              ./Middlewares/Third_Party/LwIP/src/core/def.o (memmove)
c:/st/stm32cubeide_1.6.1/stm32cubeide/plugins/com.st.stm32cube.ide.mcu.externaltools.gnu-tools-for-stm32.10.3-2021.10.win32_1.0.200.202301161003/tools/bin/../lib/gcc/arm-none-eabi/10.3.1/../../../../arm-none-eabi/lib/thumb/v7e-m+fp/hard\libc_nano.a(lib_a-memset.o)
                              c:/st/stm32cubeide_1.6.1/stm32cubeide/plugins/com.st.stm32cube.ide.mcu.externaltools.gnu-tools-for-stm32.10.3-2021.10.win32_1.0.200.202301161003/tools/bin/../lib/gcc/arm-none-eabi/10.3.1/../../../../arm-none-eabi/lib/thumb/v7e-m+fp/hard/crt0.o (memset)
c:/st/stm32cubeide_1.6.1/stm32cubeide/plugins/com.st.stm32cube.ide.mcu.externaltools.gnu-tools-for-stm32.10.3-2021.10.win32_1.0.200.202301161003/tools/bin/../lib/gcc/arm-none-eabi/10.3.1/../../../../arm-none-eabi/lib/thumb/v7e-m+fp/hard\libc_nano.a(lib_a-printf.o)
                              ./LWIP/Target/ethernetif.o (printf)
c:/st/stm32cubeide_1.6.1/stm32cubeide/plugins/com.st.stm32cube.ide.mcu.externaltools.gnu-tools-for-stm32.10.3-2021.10.win32_1.0.200.202301161003/tools/bin/../lib/gcc/arm-none-eabi/10.3.1/../../../../arm-none-eabi/lib/thumb/v7e-m+fp/hard\libc_nano.a(lib_a-rand.o)
                              ./Middlewares/Third_Party/LwIP/src/core/udp.o (rand)
c:/st/stm32cubeide_1.6.1/stm32cubeide/plugins/com.st.stm32cube.ide.mcu.externaltools.gnu-tools-for-stm32.10.3-2021.10.win32_1.0.200.202301161003/tools/bin/../lib/gcc/arm-none-eabi/10.3.1/../../../../arm-none-eabi/lib/thumb/v7e-m+fp/hard\libc_nano.a(lib_a-reent.o)
[...]
Memory Configuration

Name             Origin             Length             Attributes
CCMRAM           0x0000000010000000 0x0000000000010000 xrw
RAM              0x0000000020000000 0x0000000000020000 xrw
FLASH            0x0000000008000000 0x0000000000080000 xr
*default*        0x0000000000000000 0xffffffffffffffff

Linker script and memory map

LOAD c:/st/stm32cubeide_1.6.1/stm32cubeide/plugins/com.st.stm32cube.ide.mcu.externaltools.gnu-tools-for-stm32.10.3-2021.10.win32_1.0.200.202301161003/tools/bin/../lib/gcc/arm-none-eabi/10.3.1/thumb/v7e-m+fp/hard/crti.o
LOAD c:/st/stm32cubeide_1.6.1/stm32cubeide/plugins/com.st.stm32cube.ide.mcu.externaltools.gnu-tools-for-stm32.10.3-2021.10.win32_1.0.200.202301161003/tools/bin/../lib/gcc/arm-none-eabi/10.3.1/thumb/v7e-m+fp/hard/crtbegin.o
LOAD c:/st/stm32cubeide_1.6.1/stm32cubeide/plugins/com.st.stm32cube.ide.mcu.externaltools.gnu-tools-for-stm32.10.3-2021.10.win32_1.0.200.202301161003/tools/bin/../lib/gcc/arm-none-eabi/10.3.1/../../../../arm-none-eabi/lib/thumb/v7e-m+fp/hard/crt0.o
LOAD ./Core/Src/main.o
LOAD ./Core/Src/stm32f4xx_hal_msp.o
LOAD ./Core/Src/stm32f4xx_it.o
LOAD ./Core/Src/syscalls.o
LOAD ./Core/Src/sysmem.o
LOAD ./Core/Src/system_stm32f4xx.o
LOAD ./Core/Src/udp_server.o
LOAD ./Core/Startup/startup_stm32f407vetx.o
LOAD ./Drivers/STM32F4xx_HAL_Driver/Src/stm32f4xx_hal.o
LOAD ./Drivers/STM32F4xx_HAL_Driver/Src/stm32f4xx_hal_cortex.o
LOAD ./Drivers/STM32F4xx_HAL_Driver/Src/stm32f4xx_hal_dma.o
LOAD ./Drivers/STM32F4xx_HAL_Driver/Src/stm32f4xx_hal_dma_ex.o
LOAD ./Drivers/STM32F4xx_HAL_Driver/Src/stm32f4xx_hal_eth.o
LOAD ./Drivers/STM32F4xx_HAL_Driver/Src/stm32f4xx_hal_exti.o
LOAD ./Drivers/STM32F4xx_HAL_Driver/Src/stm32f4xx_hal_flash.o
LOAD ./Drivers/STM32F4xx_HAL_Driver/Src/stm32f4xx_hal_flash_ex.o
LOAD ./Drivers/STM32F4xx_HAL_Driver/Src/stm32f4xx_hal_flash_ramfunc.o
LOAD ./Drivers/STM32F4xx_HAL_Driver/Src/stm32f4xx_hal_gpio.o
LOAD ./Drivers/STM32F4xx_HAL_Driver/Src/stm32f4xx_hal_pwr.o
LOAD ./Drivers/STM32F4xx_HAL_Driver/Src/stm32f4xx_hal_pwr_ex.o
LOAD ./Drivers/STM32F4xx_HAL_Driver/Src/stm32f4xx_hal_rcc.o
LOAD ./Drivers/STM32F4xx_HAL_Driver/Src/stm32f4xx_hal_rcc_ex.o
LOAD ./Drivers/STM32F4xx_HAL_Driver/Src/stm32f4xx_hal_spi.o
LOAD ./Drivers/STM32F4xx_HAL_Driver/Src/stm32f4xx_hal_tim.o
LOAD ./Drivers/STM32F4xx_HAL_Driver/Src/stm32f4xx_hal_tim_ex.o
LOAD ./LWIP/App/lwip.o
LOAD ./LWIP/Target/ethernetif.o
LOAD ./Middlewares/Third_Party/LwIP/src/api/api_lib.o
LOAD ./Middlewares/Third_Party/LwIP/src/api/api_msg.o
LOAD ./Middlewares/Third_Party/LwIP/src/api/err.o
LOAD ./Middlewares/Third_Party/LwIP/src/api/if_api.o
LOAD ./Middlewares/Third_Party/LwIP/src/api/netbuf.o
LOAD ./Middlewares/Third_Party/LwIP/src/api/netdb.o
LOAD ./Middlewares/Third_Party/LwIP/src/api/netifapi.o
LOAD ./Middlewares/Third_Party/LwIP/src/api/sockets.o
LOAD ./Middlewares/Third_Party/LwIP/src/api/tcpip.o
LOAD ./Middlewares/Third_Party/LwIP/src/apps/mqtt/mqtt.o
LOAD ./Middlewares/Third_Party/LwIP/src/core/altcp.o
LOAD ./Middlewares/Third_Party/LwIP/src/core/altcp_alloc.o
LOAD ./Middlewares/Third_Party/LwIP/src/core/altcp_tcp.o
LOAD ./Middlewares/Third_Party/LwIP/src/core/def.o
LOAD ./Middlewares/Third_Party/LwIP/src/core/dns.o
LOAD ./Middlewares/Third_Party/LwIP/src/core/inet_chksum.o
LOAD ./Middlewares/Third_Party/LwIP/src/core/init.o
LOAD ./Middlewares/Third_Party/LwIP/src/core/ip.o
LOAD ./Middlewares/Third_Party/LwIP/src/core/mem.o
LOAD ./Middlewares/Third_Party/LwIP/src/core/memp.o
LOAD ./Middlewares/Third_Party/LwIP/src/core/netif.o
LOAD ./Middlewares/Third_Party/LwIP/src/core/pbuf.o
LOAD ./Middlewares/Third_Party/LwIP/src/core/raw.o
LOAD ./Middlewares/Third_Party/LwIP/src/core/stats.o
LOAD ./Middlewares/Third_Party/LwIP/src/core/sys.o
LOAD ./Middlewares/Third_Party/LwIP/src/core/tcp.o
LOAD ./Middlewares/Third_Party/LwIP/src/core/tcp_in.o
LOAD ./Middlewares/Third_Party/LwIP/src/core/tcp_out.o
LOAD ./Middlewares/Third_Party/LwIP/src/core/timeouts.o
LOAD ./Middlewares/Third_Party/LwIP/src/core/udp.o
LOAD ./Middlewares/Third_Party/LwIP/src/core/ipv4/autoip.o
LOAD ./Middlewares/Third_Party/LwIP/src/core/ipv4/dhcp.o
LOAD ./Middlewares/Third_Party/LwIP/src/core/ipv4/etharp.o
LOAD ./Middlewares/Third_Party/LwIP/src/core/ipv4/icmp.o
LOAD ./Middlewares/Third_Party/LwIP/src/core/ipv4/igmp.o
LOAD ./Middlewares/Third_Party/LwIP/src/core/ipv4/ip4.o
LOAD ./Middlewares/Third_Party/LwIP/src/core/ipv4/ip4_addr.o
LOAD ./Middlewares/Third_Party/LwIP/src/core/ipv4/ip4_frag.o
LOAD ./Middlewares/Third_Party/LwIP/src/core/ipv6/dhcp6.o
LOAD ./Middlewares/Third_Party/LwIP/src/core/ipv6/ethip6.o
LOAD ./Middlewares/Third_Party/LwIP/src/core/ipv6/icmp6.o
LOAD ./Middlewares/Third_Party/LwIP/src/core/ipv6/inet6.o
LOAD ./Middlewares/Third_Party/LwIP/src/core/ipv6/ip6.o
LOAD ./Middlewares/Third_Party/LwIP/src/core/ipv6/ip6_addr.o
LOAD ./Middlewares/Third_Party/LwIP/src/core/ipv6/ip6_frag.o
LOAD ./Middlewares/Third_Party/LwIP/src/core/ipv6/mld6.o
LOAD ./Middlewares/Third_Party/LwIP/src/core/ipv6/nd6.o
LOAD ./Middlewares/Third_Party/LwIP/src/netif/bridgeif.o
LOAD ./Middlewares/Third_Party/LwIP/src/netif/bridgeif_fdb.o
LOAD ./Middlewares/Third_Party/LwIP/src/netif/ethernet.o
LOAD ./Middlewares/Third_Party/LwIP/src/netif/lowpan6.o
LOAD ./Middlewares/Third_Party/LwIP/src/netif/lowpan6_ble.o
LOAD ./Middlewares/Third_Party/LwIP/src/netif/lowpan6_common.o
LOAD ./Middlewares/Third_Party/LwIP/src/netif/slipif.o
LOAD ./Middlewares/Third_Party/LwIP/src/netif/zepif.o
LOAD ./Middlewares/Third_Party/LwIP/src/netif/ppp/auth.o
LOAD ./Middlewares/Third_Party/LwIP/src/netif/ppp/ccp.o
LOAD ./Middlewares/Third_Party/LwIP/src/netif/ppp/chap-md5.o
LOAD ./Middlewares/Third_Party/LwIP/src/netif/ppp/chap-new.o
LOAD ./Middlewares/Third_Party/LwIP/src/netif/ppp/chap_ms.o
LOAD ./Middlewares/Third_Party/LwIP/src/netif/ppp/demand.o
LOAD ./Middlewares/Third_Party/LwIP/src/netif/ppp/eap.o
LOAD ./Middlewares/Third_Party/LwIP/src/netif/ppp/ecp.o
LOAD ./Middlewares/Third_Party/LwIP/src/netif/ppp/eui64.o
LOAD ./Middlewares/Third_Party/LwIP/src/netif/ppp/fsm.o
LOAD ./Middlewares/Third_Party/LwIP/src/netif/ppp/ipcp.o
LOAD ./Middlewares/Third_Party/LwIP/src/netif/ppp/ipv6cp.o
LOAD ./Middlewares/Third_Party/LwIP/src/netif/ppp/lcp.o
LOAD ./Middlewares/Third_Party/LwIP/src/netif/ppp/magic.o
LOAD ./Middlewares/Third_Party/LwIP/src/netif/ppp/mppe.o
LOAD ./Middlewares/Third_Party/LwIP/src/netif/ppp/multilink.o
LOAD ./Middlewares/Third_Party/LwIP/src/netif/ppp/ppp.o
LOAD ./Middlewares/Third_Party/LwIP/src/netif/ppp/pppapi.o
LOAD ./Middlewares/Third_Party/LwIP/src/netif/ppp/pppcrypt.o
LOAD ./Middlewares/Third_Party/LwIP/src/netif/ppp/pppoe.o
LOAD ./Middlewares/Third_Party/LwIP/src/netif/ppp/pppol2tp.o
LOAD ./Middlewares/Third_Party/LwIP/src/netif/ppp/pppos.o
LOAD ./Middlewares/Third_Party/LwIP/src/netif/ppp/upap.o
LOAD ./Middlewares/Third_Party/LwIP/src/netif/ppp/utils.o
LOAD ./Middlewares/Third_Party/LwIP/src/netif/ppp/vj.o
START GROUP
LOAD c:/st/stm32cubeide_1.6.1/stm32cubeide/plugins/com.st.stm32cube.ide.mcu.externaltools.gnu-tools-for-stm32.10.3-2021.10.win32_1.0.200.202301161003/tools/bin/../lib/gcc/arm-none-eabi/10.3.1/../../../../arm-none-eabi/lib/thumb/v7e-m+fp/hard\libstdc++_nano.a
LOAD c:/st/stm32cubeide_1.6.1/stm32cubeide/plugins/com.st.stm32cube.ide.mcu.externaltools.gnu-tools-for-stm32.10.3-2021.10.win32_1.0.200.202301161003/tools/bin/../lib/gcc/arm-none-eabi/10.3.1/../../../../arm-none-eabi/lib/thumb/v7e-m+fp/hard\libsupc++_nano.a
END GROUP
LOAD c:/st/stm32cubeide_1.6.1/stm32cubeide/plugins/com.st.stm32cube.ide.mcu.externaltools.gnu-tools-for-stm32.10.3-2021.10.win32_1.0.200.202301161003/tools/bin/../lib/gcc/arm-none-eabi/10.3.1/../../../../arm-none-eabi/lib/thumb/v7e-m+fp/hard\libstdc++_nano.a
LOAD c:/st/stm32cubeide_1.6.1/stm32cubeide/plugins/com.st.stm32cube.ide.mcu.externaltools.gnu-tools-for-stm32.10.3-2021.10.win32_1.0.200.202301161003/tools/bin/../lib/gcc/arm-none-eabi/10.3.1/../../../../arm-none-eabi/lib/thumb/v7e-m+fp/hard\libm.a
LOAD c:/st/stm32cubeide_1.6.1/stm32cubeide/plugins/com.st.stm32cube.ide.mcu.externaltools.gnu-tools-for-stm32.10.3-2021.10.win32_1.0.200.202301161003/tools/bin/../lib/gcc/arm-none-eabi/10.3.1/../../../../arm-none-eabi/lib/thumb/v7e-m+fp/hard\libc_nano.a
START GROUP
LOAD c:/st/stm32cubeide_1.6.1/stm32cubeide/plugins/com.st.stm32cube.ide.mcu.externaltools.gnu-tools-for-stm32.10.3-2021.10.win32_1.0.200.202301161003/tools/bin/../lib/gcc/arm-none-eabi/10.3.1/thumb/v7e-m+fp/hard\libgcc.a
LOAD c:/st/stm32cubeide_1.6.1/stm32cubeide/plugins/com.st.stm32cube.ide.mcu.externaltools.gnu-tools-for-stm32.10.3-2021.10.win32_1.0.200.202301161003/tools/bin/../lib/gcc/arm-none-eabi/10.3.1/../../../../arm-none-eabi/lib/thumb/v7e-m+fp/hard\libc_nano.a
END GROUP
START GROUP
LOAD c:/st/stm32cubeide_1.6.1/stm32cubeide/plugins/com.st.stm32cube.ide.mcu.externaltools.gnu-tools-for-stm32.10.3-2021.10.win32_1.0.200.202301161003/tools/bin/../lib/gcc/arm-none-eabi/10.3.1/thumb/v7e-m+fp/hard\libgcc.a
LOAD c:/st/stm32cubeide_1.6.1/stm32cubeide/plugins/com.st.stm32cube.ide.mcu.externaltools.gnu-tools-for-stm32.10.3-2021.10.win32_1.0.200.202301161003/tools/bin/../lib/gcc/arm-none-eabi/10.3.1/../../../../arm-none-eabi/lib/thumb/v7e-m+fp/hard\libc_nano.a
LOAD c:/st/stm32cubeide_1.6.1/stm32cubeide/plugins/com.st.stm32cube.ide.mcu.externaltools.gnu-tools-for-stm32.10.3-2021.10.win32_1.0.200.202301161003/tools/bin/../lib/gcc/arm-none-eabi/10.3.1/../../../../arm-none-eabi/lib/thumb/v7e-m+fp/hard\libnosys.a
END GROUP
START GROUP
LOAD c:/st/stm32cubeide_1.6.1/stm32cubeide/plugins/com.st.stm32cube.ide.mcu.externaltools.gnu-tools-for-stm32.10.3-2021.10.win32_1.0.200.202301161003/tools/bin/../lib/gcc/arm-none-eabi/10.3.1/thumb/v7e-m+fp/hard\libgcc.a
LOAD c:/st/stm32cubeide_1.6.1/stm32cubeide/plugins/com.st.stm32cube.ide.mcu.externaltools.gnu-tools-for-stm32.10.3-2021.10.win32_1.0.200.202301161003/tools/bin/../lib/gcc/arm-none-eabi/10.3.1/../../../../arm-none-eabi/lib/thumb/v7e-m+fp/hard\libc_nano.a
LOAD c:/st/stm32cubeide_1.6.1/stm32cubeide/plugins/com.st.stm32cube.ide.mcu.externaltools.gnu-tools-for-stm32.10.3-2021.10.win32_1.0.200.202301161003/tools/bin/../lib/gcc/arm-none-eabi/10.3.1/../../../../arm-none-eabi/lib/thumb/v7e-m+fp/hard\libnosys.a
END GROUP
LOAD c:/st/stm32cubeide_1.6.1/stm32cubeide/plugins/com.st.stm32cube.ide.mcu.externaltools.gnu-tools-for-stm32.10.3-2021.10.win32_1.0.200.202301161003/tools/bin/../lib/gcc/arm-none-eabi/10.3.1/thumb/v7e-m+fp/hard/crtend.o
LOAD c:/st/stm32cubeide_1.6.1/stm32cubeide/plugins/com.st.stm32cube.ide.mcu.externaltools.gnu-tools-for-stm32.10.3-2021.10.win32_1.0.200.202301161003/tools/bin/../lib/gcc/arm-none-eabi/10.3.1/thumb/v7e-m+fp/hard/crtn.o
                0x0000000020020000                _estack = (ORIGIN (RAM) + LENGTH (RAM))
                0x0000000000000200                _Min_Heap_Size = 0x200
                0x0000000000000400                _Min_Stack_Size = 0x400

.isr_vector     0x0000000008000000      0x188
                0x0000000008000000                . = ALIGN (0x4)
 *(.isr_vector)
 .isr_vector    0x0000000008000000      0x188 ./Core/Startup/startup_stm32f407vetx.o
                0x0000000008000000                g_pfnVectors
                0x0000000008000188                . = ALIGN (0x4)

.text           0x0000000008000190     0x5970
                0x0000000008000190                . = ALIGN (0x4)
 *(.text)
 .text          0x0000000008000190       0x40 c:/st/stm32cubeide_1.6.1/stm32cubeide/plugins/com.st.stm32cube.ide.mcu.externaltools.gnu-tools-for-stm32.10.3-2021.10.win32_1.0.200.202301161003/tools/bin/../lib/gcc/arm-none-eabi/10.3.1/thumb/v7e-m+fp/hard/crtbegin.o
 .text          0x00000000080001d0       0xa0 c:/st/stm32cubeide_1.6.1/stm32cubeide/plugins/com.st.stm32cube.ide.mcu.externaltools.gnu-tools-for-stm32.10.3-2021.10.win32_1.0.200.202301161003/tools/bin/../lib/gcc/arm-none-eabi/10.3.1/../../../../arm-none-eabi/lib/thumb/v7e-m+fp/hard\libc_nano.a(lib_a-memchr.o)
                0x00000000080001d0                memchr
 .text          0x0000000008000270       0x30 c:/st/stm32cubeide_1.6.1/stm32cubeide/plugins/com.st.stm32cube.ide.mcu.externaltools.gnu-tools-for-stm32.10.3-2021.10.win32_1.0.200.202301161003/tools/bin/../lib/gcc/arm-none-eabi/10.3.1/thumb/v7e-m+fp/hard\libgcc.a(_aeabi_uldivmod.o)
                0x0000000008000270                __aeabi_uldivmod
 .text          0x00000000080002a0      0x2d0 c:/st/stm32cubeide_1.6.1/stm32cubeide/plugins/com.st.stm32cube.ide.mcu.externaltools.gnu-tools-for-stm32.10.3-2021.10.win32_1.0.200.202301161003/tools/bin/../lib/gcc/arm-none-eabi/10.3.1/thumb/v7e-m+fp/hard\libgcc.a(_udivmoddi4.o)
                0x00000000080002a0                __udivmoddi4
 .text          0x0000000008000570        0x4 c:/st/stm32cubeide_1.6.1/stm32cubeide/plugins/com.st.stm32cube.ide.mcu.externaltools.gnu-tools-for-stm32.10.3-2021.10.win32_1.0.200.202301161003/tools/bin/../lib/gcc/arm-none-eabi/10.3.1/thumb/v7e-m+fp/hard\libgcc.a(_dvmd_tls.o)
                0x0000000008000570                __aeabi_idiv0
                0x0000000008000570                __aeabi_ldiv0
 *(.text*)
 .text.SPI_Receive
                0x0000000008000574       0x4c ./Core/Src/main.o
                0x0000000008000574                SPI_Receive
 .text.SetPinToStateOfLastBit
                0x00000000080005c0       0x18 ./Core/Src/main.o
                0x00000000080005c0                SetPinToStateOfLastBit
 .text.ChangeEncoder
                0x00000000080005d8       0x1c ./Core/Src/main.o
                0x00000000080005d8                ChangeEncoder
 .text.SetShiftRegisters
                0x00000000080005f4       0x78 ./Core/Src/main.o
                0x00000000080005f4                SetShiftRegisters
 .text.GetCurrentEncoderData
                0x000000000800066c       0x1c ./Core/Src/main.o
                0x000000000800066c                GetCurrentEncoderData
 .text.CollectDataFromEncoders
                0x0000000008000688       0x3c ./Core/Src/main.o
                0x0000000008000688                CollectDataFromEncoders
 .text.SystemClock_Config
                0x00000000080006c4       0x9c ./Core/Src/main.o
                0x00000000080006c4                SystemClock_Config
 .text.startup.main
                0x0000000008000760      0x210 ./Core/Src/main.o
                0x0000000008000760                main
 .text.HAL_MspInit
                0x0000000008000970       0x38 ./Core/Src/stm32f4xx_hal_msp.o
                0x0000000008000970                HAL_MspInit
 .text.HAL_SPI_MspInit
                0x00000000080009a8       0xac ./Core/Src/stm32f4xx_hal_msp.o
                0x00000000080009a8                HAL_SPI_MspInit
 .text.NMI_Handler
                0x0000000008000a54        0x2 ./Core/Src/stm32f4xx_it.o
                0x0000000008000a54                NMI_Handler
 .text.HardFault_Handler
                0x0000000008000a56        0x2 ./Core/Src/stm32f4xx_it.o
                0x0000000008000a56                HardFault_Handler
 .text.MemManage_Handler
                0x0000000008000a58        0x2 ./Core/Src/stm32f4xx_it.o
                0x0000000008000a58                MemManage_Handler
 .text.BusFault_Handler
                0x0000000008000a5a        0x2 ./Core/Src/stm32f4xx_it.o
                0x0000000008000a5a                BusFault_Handler
 .text.UsageFault_Handler
                0x0000000008000a5c        0x2 ./Core/Src/stm32f4xx_it.o
                0x0000000008000a5c                UsageFault_Handler
 .text.SVC_Handler
                0x0000000008000a5e        0x2 ./Core/Src/stm32f4xx_it.o
                0x0000000008000a5e                SVC_Handler
 .text.DebugMon_Handler
                0x0000000008000a60        0x2 ./Core/Src/stm32f4xx_it.o
                0x0000000008000a60                DebugMon_Handler
 .text.PendSV_Handler
                0x0000000008000a62        0x2 ./Core/Src/stm32f4xx_it.o
                0x0000000008000a62                PendSV_Handler
 .text.SysTick_Handler
                0x0000000008000a64       0x4c ./Core/Src/stm32f4xx_it.o
                0x0000000008000a64                SysTick_Handler
 .text.EXTI9_5_IRQHandler
                0x0000000008000ab0       0x38 ./Core/Src/stm32f4xx_it.o
                0x0000000008000ab0                EXTI9_5_IRQHandler
 .text.SPI1_IRQHandler
                0x0000000008000ae8        0xc ./Core/Src/stm32f4xx_it.o
                0x0000000008000ae8                SPI1_IRQHandler
 .text._getpid  0x0000000008000af4        0x4 ./Core/Src/syscalls.o
                0x0000000008000af4                _getpid
 .text._kill    0x0000000008000af8       0x10 ./Core/Src/syscalls.o
                0x0000000008000af8                _kill
 .text._exit    0x0000000008000b08        0xc ./Core/Src/syscalls.o
                0x0000000008000b08                _exit
 .text._read    0x0000000008000b14       0x1c ./Core/Src/syscalls.o
                0x0000000008000b14                _read
 .text._write   0x0000000008000b30       0x1c ./Core/Src/syscalls.o
                0x0000000008000b30                _write
 .text._close   0x0000000008000b4c        0x6 ./Core/Src/syscalls.o
                0x0000000008000b4c                _close
 .text._fstat   0x0000000008000b52        0xa ./Core/Src/syscalls.o
                0x0000000008000b52                _fstat
 .text._isatty  0x0000000008000b5c        0x4 ./Core/Src/syscalls.o
                0x0000000008000b5c                _isatty
 .text._lseek   0x0000000008000b60        0x4 ./Core/Src/syscalls.o
                0x0000000008000b60                _lseek
 .text._sbrk    0x0000000008000b64       0x40 ./Core/Src/sysmem.o
                0x0000000008000b64                _sbrk
 .text.SystemInit
                0x0000000008000ba4       0x14 ./Core/Src/system_stm32f4xx.o
                0x0000000008000ba4                SystemInit
 .text.udp_server_receive_callback
                0x0000000008000bb8       0x94 ./Core/Src/udp_server.o
                0x0000000008000bb8                udp_server_receive_callback
 .text.udp_server_init
                0x0000000008000c4c       0x34 ./Core/Src/udp_server.o
                0x0000000008000c4c                udp_server_init
 .text.periodic_handler
                0x0000000008000c80       0xa0 ./Core/Src/udp_server.o
                0x0000000008000c80                periodic_handler
 .text.Reset_Handler
                0x0000000008000d20       0x50 ./Core/Startup/startup_stm32f407vetx.o
                0x0000000008000d20                Reset_Handler
 .text.Default_Handler
                0x0000000008000d70        0x2 ./Core/Startup/startup_stm32f407vetx.o
                0x0000000008000d70                RTC_Alarm_IRQHandler
                0x0000000008000d70                HASH_RNG_IRQHandler
                0x0000000008000d70                EXTI2_IRQHandler
                0x0000000008000d70                TIM8_CC_IRQHandler
                0x0000000008000d70                TIM1_CC_IRQHandler
                0x0000000008000d70                DMA2_Stream5_IRQHandler
                0x0000000008000d70                DMA1_Stream5_IRQHandler
                0x0000000008000d70                PVD_IRQHandler
                0x0000000008000d70                SDIO_IRQHandler
                0x0000000008000d70                TAMP_STAMP_IRQHandler
                0x0000000008000d70                CAN2_RX1_IRQHandler
                0x0000000008000d70                EXTI3_IRQHandler
                0x0000000008000d70                TIM8_TRG_COM_TIM14_IRQHandler
                0x0000000008000d70                TIM1_UP_TIM10_IRQHandler
                0x0000000008000d70                TIM8_UP_TIM13_IRQHandler
                0x0000000008000d70                I2C3_ER_IRQHandler
                0x0000000008000d70                EXTI0_IRQHandler
                0x0000000008000d70                I2C2_EV_IRQHandler
                0x0000000008000d70                DMA1_Stream2_IRQHandler
                0x0000000008000d70                CAN1_RX0_IRQHandler
                0x0000000008000d70                FPU_IRQHandler
                0x0000000008000d70                OTG_HS_WKUP_IRQHandler
                0x0000000008000d70                CAN2_SCE_IRQHandler
                0x0000000008000d70                DMA2_Stream2_IRQHandler
                0x0000000008000d70                TIM6_DAC_IRQHandler
                0x0000000008000d70                TIM1_BRK_TIM9_IRQHandler
                0x0000000008000d70                DCMI_IRQHandler
                0x0000000008000d70                CAN2_RX0_IRQHandler
                0x0000000008000d70                DMA2_Stream3_IRQHandler
                0x0000000008000d70                USART6_IRQHandler
                0x0000000008000d70                USART3_IRQHandler
                0x0000000008000d70                CAN1_RX1_IRQHandler
                0x0000000008000d70                UART5_IRQHandler
                0x0000000008000d70                DMA2_Stream0_IRQHandler
                0x0000000008000d70                TIM4_IRQHandler
                0x0000000008000d70                I2C1_EV_IRQHandler
                0x0000000008000d70                DMA1_Stream6_IRQHandler
                0x0000000008000d70                DMA1_Stream1_IRQHandler
                0x0000000008000d70                UART4_IRQHandler
                0x0000000008000d70                TIM3_IRQHandler
                0x0000000008000d70                RCC_IRQHandler
                0x0000000008000d70                TIM8_BRK_TIM12_IRQHandler
                0x0000000008000d70                Default_Handler
                0x0000000008000d70                EXTI15_10_IRQHandler
                0x0000000008000d70                ADC_IRQHandler
                0x0000000008000d70                DMA1_Stream7_IRQHandler
                0x0000000008000d70                TIM7_IRQHandler
                0x0000000008000d70                CAN2_TX_IRQHandler
                0x0000000008000d70                TIM5_IRQHandler
                0x0000000008000d70                DMA2_Stream7_IRQHandler
                0x0000000008000d70                I2C3_EV_IRQHandler
                0x0000000008000d70                RTC_WKUP_IRQHandler
                0x0000000008000d70                ETH_WKUP_IRQHandler
                0x0000000008000d70                SPI2_IRQHandler
                0x0000000008000d70                OTG_HS_EP1_IN_IRQHandler
                0x0000000008000d70                DMA1_Stream0_IRQHandler
                0x0000000008000d70                CAN1_TX_IRQHandler
                0x0000000008000d70                EXTI4_IRQHandler
                0x0000000008000d70                FSMC_IRQHandler
                0x0000000008000d70                ETH_IRQHandler
                0x0000000008000d70                OTG_HS_EP1_OUT_IRQHandler
                0x0000000008000d70                WWDG_IRQHandler
                0x0000000008000d70                TIM2_IRQHandler
                0x0000000008000d70                OTG_FS_WKUP_IRQHandler
                0x0000000008000d70                TIM1_TRG_COM_TIM11_IRQHandler
                0x0000000008000d70                OTG_HS_IRQHandler
                0x0000000008000d70                EXTI1_IRQHandler
                0x0000000008000d70                USART2_IRQHandler
                0x0000000008000d70                I2C2_ER_IRQHandler
                0x0000000008000d70                DMA2_Stream1_IRQHandler
                0x0000000008000d70                CAN1_SCE_IRQHandler
                0x0000000008000d70                FLASH_IRQHandler
                0x0000000008000d70                DMA2_Stream4_IRQHandler
                0x0000000008000d70                USART1_IRQHandler
                0x0000000008000d70                OTG_FS_IRQHandler
                0x0000000008000d70                SPI3_IRQHandler
                0x0000000008000d70                DMA1_Stream4_IRQHandler
                0x0000000008000d70                I2C1_ER_IRQHandler
                0x0000000008000d70                DMA2_Stream6_IRQHandler
                0x0000000008000d70                DMA1_Stream3_IRQHandler
 *fill*         0x0000000008000d72        0x2 
 .text.HAL_InitTick
                0x0000000008000d74       0x48 ./Drivers/STM32F4xx_HAL_Driver/Src/stm32f4xx_hal.o
                0x0000000008000d74                HAL_InitTick
 .text.HAL_Init
                0x0000000008000dbc       0x34 ./Drivers/STM32F4xx_HAL_Driver/Src/stm32f4xx_hal.o
                0x0000000008000dbc                HAL_Init
 .text.HAL_IncTick
                0x0000000008000df0       0x18 ./Drivers/STM32F4xx_HAL_Driver/Src/stm32f4xx_hal.o
                0x0000000008000df0                HAL_IncTick
 .text.HAL_GetTick
                0x0000000008000e08        0xc ./Drivers/STM32F4xx_HAL_Driver/Src/stm32f4xx_hal.o
                0x0000000008000e08                HAL_GetTick
 .text.HAL_Delay
                0x0000000008000e14       0x28 ./Drivers/STM32F4xx_HAL_Driver/Src/stm32f4xx_hal.o
                0x0000000008000e14                HAL_Delay
 .text.HAL_NVIC_SetPriorityGrouping
                0x0000000008000e3c       0x24 ./Drivers/STM32F4xx_HAL_Driver/Src/stm32f4xx_hal_cortex.o
                0x0000000008000e3c                HAL_NVIC_SetPriorityGrouping
 .text.HAL_NVIC_SetPriority
                0x0000000008000e60       0x64 ./Drivers/STM32F4xx_HAL_Driver/Src/stm32f4xx_hal_cortex.o
                0x0000000008000e60                HAL_NVIC_SetPriority
 .text.HAL_NVIC_EnableIRQ
                0x0000000008000ec4       0x1c ./Drivers/STM32F4xx_HAL_Driver/Src/stm32f4xx_hal_cortex.o
                0x0000000008000ec4                HAL_NVIC_EnableIRQ
 .text.HAL_SYSTICK_Config
                0x0000000008000ee0       0x28 ./Drivers/STM32F4xx_HAL_Driver/Src/stm32f4xx_hal_cortex.o
                0x0000000008000ee0                HAL_SYSTICK_Config
 .text.HAL_DMA_Abort_IT
                0x0000000008000f08       0x24 ./Drivers/STM32F4xx_HAL_Driver/Src/stm32f4xx_hal_dma.o
                0x0000000008000f08                HAL_DMA_Abort_IT
 .text.ETH_Delay.constprop.0
                0x0000000008000f2c       0x24 ./Drivers/STM32F4xx_HAL_Driver/Src/stm32f4xx_hal_eth.o
 .text.ETH_FlushTransmitFIFO
                0x0000000008000f50       0x2c ./Drivers/STM32F4xx_HAL_Driver/Src/stm32f4xx_hal_eth.o
 .text.ETH_MACDMAConfig
                0x0000000008000f7c       0xec ./Drivers/STM32F4xx_HAL_Driver/Src/stm32f4xx_hal_eth.o
 .text.HAL_ETH_DMATxDescListInit
                0x0000000008001068       0x7a ./Drivers/STM32F4xx_HAL_Driver/Src/stm32f4xx_hal_eth.o
                0x0000000008001068                HAL_ETH_DMATxDescListInit
 .text.HAL_ETH_DMARxDescListInit
                0x00000000080010e2       0x76 ./Drivers/STM32F4xx_HAL_Driver/Src/stm32f4xx_hal_eth.o
                0x00000000080010e2                HAL_ETH_DMARxDescListInit
 .text.HAL_ETH_TransmitFrame
                0x0000000008001158       0xe4 ./Drivers/STM32F4xx_HAL_Driver/Src/stm32f4xx_hal_eth.o
                0x0000000008001158                HAL_ETH_TransmitFrame
 .text.HAL_ETH_GetReceivedFrame
                0x000000000800123c       0x7e ./Drivers/STM32F4xx_HAL_Driver/Src/stm32f4xx_hal_eth.o
                0x000000000800123c                HAL_ETH_GetReceivedFrame
 .text.HAL_ETH_ReadPHYRegister
                0x00000000080012ba       0x76 ./Drivers/STM32F4xx_HAL_Driver/Src/stm32f4xx_hal_eth.o
                0x00000000080012ba                HAL_ETH_ReadPHYRegister
 .text.HAL_ETH_WritePHYRegister
                0x0000000008001330       0x70 ./Drivers/STM32F4xx_HAL_Driver/Src/stm32f4xx_hal_eth.o
                0x0000000008001330                HAL_ETH_WritePHYRegister
 .text.HAL_ETH_Init
                0x00000000080013a0      0x1f8 ./Drivers/STM32F4xx_HAL_Driver/Src/stm32f4xx_hal_eth.o
                0x00000000080013a0                HAL_ETH_Init
 .text.HAL_ETH_Start
                0x0000000008001598       0x74 ./Drivers/STM32F4xx_HAL_Driver/Src/stm32f4xx_hal_eth.o
                0x0000000008001598                HAL_ETH_Start
 .text.HAL_ETH_Stop
                0x000000000800160c       0x74 ./Drivers/STM32F4xx_HAL_Driver/Src/stm32f4xx_hal_eth.o
                0x000000000800160c                HAL_ETH_Stop
 .text.HAL_ETH_ConfigMAC
                0x0000000008001680      0x118 ./Drivers/STM32F4xx_HAL_Driver/Src/stm32f4xx_hal_eth.o
                0x0000000008001680                HAL_ETH_ConfigMAC
 .text.HAL_GPIO_Init
                0x0000000008001798      0x1b4 ./Drivers/STM32F4xx_HAL_Driver/Src/stm32f4xx_hal_gpio.o
                0x0000000008001798                HAL_GPIO_Init
 .text.HAL_GPIO_ReadPin
                0x000000000800194c        0xc ./Drivers/STM32F4xx_HAL_Driver/Src/stm32f4xx_hal_gpio.o
                0x000000000800194c                HAL_GPIO_ReadPin
 .text.HAL_GPIO_WritePin
                0x0000000008001958        0xa ./Drivers/STM32F4xx_HAL_Driver/Src/stm32f4xx_hal_gpio.o
                0x0000000008001958                HAL_GPIO_WritePin
 .text.HAL_GPIO_TogglePin
                0x0000000008001962       0x12 ./Drivers/STM32F4xx_HAL_Driver/Src/stm32f4xx_hal_gpio.o
                0x0000000008001962                HAL_GPIO_TogglePin
 .text.HAL_GPIO_EXTI_Callback
                0x0000000008001974        0x2 ./Drivers/STM32F4xx_HAL_Driver/Src/stm32f4xx_hal_gpio.o
                0x0000000008001974                HAL_GPIO_EXTI_Callback
 *fill*         0x0000000008001976        0x2 
 .text.HAL_GPIO_EXTI_IRQHandler
                0x0000000008001978       0x18 ./Drivers/STM32F4xx_HAL_Driver/Src/stm32f4xx_hal_gpio.o
                0x0000000008001978                HAL_GPIO_EXTI_IRQHandler
 .text.HAL_RCC_OscConfig
                0x0000000008001990      0x360 ./Drivers/STM32F4xx_HAL_Driver/Src/stm32f4xx_hal_rcc.o
                0x0000000008001990                HAL_RCC_OscConfig
 .text.HAL_RCC_GetSysClockFreq
                0x0000000008001cf0       0x5c ./Drivers/STM32F4xx_HAL_Driver/Src/stm32f4xx_hal_rcc.o
                0x0000000008001cf0                HAL_RCC_GetSysClockFreq
 .text.HAL_RCC_ClockConfig
                0x0000000008001d4c      0x138 ./Drivers/STM32F4xx_HAL_Driver/Src/stm32f4xx_hal_rcc.o
                0x0000000008001d4c                HAL_RCC_ClockConfig
 .text.HAL_RCC_GetHCLKFreq
                0x0000000008001e84        0xc ./Drivers/STM32F4xx_HAL_Driver/Src/stm32f4xx_hal_rcc.o
                0x0000000008001e84                HAL_RCC_GetHCLKFreq
 .text.HAL_SPI_Init
                0x0000000008001e90       0xb8 ./Drivers/STM32F4xx_HAL_Driver/Src/stm32f4xx_hal_spi.o
                0x0000000008001e90                HAL_SPI_Init
 .text.HAL_SPI_ErrorCallback
                0x0000000008001f48        0x2 ./Drivers/STM32F4xx_HAL_Driver/Src/stm32f4xx_hal_spi.o
                0x0000000008001f48                HAL_SPI_ErrorCallback
 *fill*         0x0000000008001f4a        0x2 
 .text.HAL_SPI_IRQHandler
                0x0000000008001f4c      0x10c ./Drivers/STM32F4xx_HAL_Driver/Src/stm32f4xx_hal_spi.o
                0x0000000008001f4c                HAL_SPI_IRQHandler
 .text.SPI_DMAAbortOnError
                0x0000000008002058       0x10 ./Drivers/STM32F4xx_HAL_Driver/Src/stm32f4xx_hal_spi.o
 .text.MX_LWIP_Init
                0x0000000008002068       0xa8 ./LWIP/App/lwip.o
                0x0000000008002068                MX_LWIP_Init
 .text.MX_LWIP_Process
                0x0000000008002110       0x14 ./LWIP/App/lwip.o
                0x0000000008002110                MX_LWIP_Process
 .text.low_level_output
                0x0000000008002124       0x9c ./LWIP/Target/ethernetif.o
 .text.HAL_ETH_MspInit
                0x00000000080021c0      0x118 ./LWIP/Target/ethernetif.o
                0x00000000080021c0                HAL_ETH_MspInit
 .text.ethernetif_input
                0x00000000080022d8       0xd8 ./LWIP/Target/ethernetif.o
                0x00000000080022d8                ethernetif_input
 .text.ethernetif_init
                0x00000000080023b0      0x13c ./LWIP/Target/ethernetif.o
                0x00000000080023b0                ethernetif_init
 .text.sys_now  0x00000000080024ec        0x4 ./LWIP/Target/ethernetif.o
                0x00000000080024ec                sys_now
 .text.ethernetif_notify_conn_changed
                0x00000000080024f0        0x2 ./LWIP/Target/ethernetif.o
                0x00000000080024f0                ethernetif_notify_conn_changed
 *fill*         0x00000000080024f2        0x2 
 .text.ethernetif_update_config
                0x00000000080024f4       0xa8 ./LWIP/Target/ethernetif.o
                0x00000000080024f4                ethernetif_update_config
 .text.lwip_htons
                0x000000000800259c        0x6 ./Middlewares/Third_Party/LwIP/src/core/def.o
                0x000000000800259c                lwip_htons
 .text.lwip_standard_chksum
                0x00000000080025a2       0x5a ./Middlewares/Third_Party/LwIP/src/core/inet_chksum.o
                0x00000000080025a2                lwip_standard_chksum
 .text.inet_chksum_pseudo
                0x00000000080025fc       0x88 ./Middlewares/Third_Party/LwIP/src/core/inet_chksum.o
                0x00000000080025fc                inet_chksum_pseudo
 .text.ip_chksum_pseudo
                0x0000000008002684        0x4 ./Middlewares/Third_Party/LwIP/src/core/inet_chksum.o
                0x0000000008002684                ip_chksum_pseudo
 .text.inet_chksum
                0x0000000008002688        0xc ./Middlewares/Third_Party/LwIP/src/core/inet_chksum.o
                0x0000000008002688                inet_chksum
 .text.lwip_init
                0x0000000008002694       0x1a ./Middlewares/Third_Party/LwIP/src/core/init.o
                0x0000000008002694                lwip_init
 *fill*         0x00000000080026ae        0x2 
 .text.mem_init
                0x00000000080026b0       0x44 ./Middlewares/Third_Party/LwIP/src/core/mem.o
                0x00000000080026b0                mem_init
 .text.mem_free
                0x00000000080026f4      0x170 ./Middlewares/Third_Party/LwIP/src/core/mem.o
                0x00000000080026f4                mem_free
 .text.mem_trim
                0x0000000008002864      0x148 ./Middlewares/Third_Party/LwIP/src/core/mem.o
                0x0000000008002864                mem_trim
 .text.mem_malloc
                0x00000000080029ac      0x150 ./Middlewares/Third_Party/LwIP/src/core/mem.o
                0x00000000080029ac                mem_malloc
 .text.do_memp_free_pool
                0x0000000008002afc       0x30 ./Middlewares/Third_Party/LwIP/src/core/memp.o
 .text.do_memp_malloc_pool.isra.0
                0x0000000008002b2c       0x2c ./Middlewares/Third_Party/LwIP/src/core/memp.o
 .text.memp_init_pool
                0x0000000008002b58       0x26 ./Middlewares/Third_Party/LwIP/src/core/memp.o
                0x0000000008002b58                memp_init_pool
 *fill*         0x0000000008002b7e        0x2 
 .text.memp_init
                0x0000000008002b80       0x38 ./Middlewares/Third_Party/LwIP/src/core/memp.o
                0x0000000008002b80                memp_init
 .text.memp_malloc
                0x0000000008002bb8       0x38 ./Middlewares/Third_Party/LwIP/src/core/memp.o
                0x0000000008002bb8                memp_malloc
 .text.memp_free
                0x0000000008002bf0       0x30 ./Middlewares/Third_Party/LwIP/src/core/memp.o
                0x0000000008002bf0                memp_free
 .text.netif_null_output_ip4
                0x0000000008002c20        0x6 ./Middlewares/Third_Party/LwIP/src/core/netif.o
 *fill*         0x0000000008002c26        0x2 
 .text.netif_issue_reports
                0x0000000008002c28       0x44 ./Middlewares/Third_Party/LwIP/src/core/netif.o
 .text.netif_do_set_ipaddr.isra.0
                0x0000000008002c6c       0x48 ./Middlewares/Third_Party/LwIP/src/core/netif.o
 .text.netif_init
                0x0000000008002cb4        0x2 ./Middlewares/Third_Party/LwIP/src/core/netif.o
                0x0000000008002cb4                netif_init
 *fill*         0x0000000008002cb6        0x2 
 .text.netif_set_addr
                0x0000000008002cb8       0x58 ./Middlewares/Third_Party/LwIP/src/core/netif.o
                0x0000000008002cb8                netif_set_addr
 .text.netif_add
                0x0000000008002d10      0x12c ./Middlewares/Third_Party/LwIP/src/core/netif.o
                0x0000000008002d10                netif_add
 .text.netif_set_default
                0x0000000008002e3c        0xc ./Middlewares/Third_Party/LwIP/src/core/netif.o
                0x0000000008002e3c                netif_set_default
 .text.netif_set_up
                0x0000000008002e48       0x34 ./Middlewares/Third_Party/LwIP/src/core/netif.o
                0x0000000008002e48                netif_set_up
 .text.netif_set_down
                0x0000000008002e7c       0x38 ./Middlewares/Third_Party/LwIP/src/core/netif.o
                0x0000000008002e7c                netif_set_down
 .text.netif_set_link_callback
                0x0000000008002eb4        0x6 ./Middlewares/Third_Party/LwIP/src/core/netif.o
                0x0000000008002eb4                netif_set_link_callback
 *fill*         0x0000000008002eba        0x2 
 .text.netif_get_by_index
                0x0000000008002ebc       0x24 ./Middlewares/Third_Party/LwIP/src/core/netif.o
                0x0000000008002ebc                netif_get_by_index
 .text.pbuf_add_header_impl
                0x0000000008002ee0       0x64 ./Middlewares/Third_Party/LwIP/src/core/pbuf.o
 .text.pbuf_alloc_reference
                0x0000000008002f44       0x48 ./Middlewares/Third_Party/LwIP/src/core/pbuf.o
                0x0000000008002f44                pbuf_alloc_reference
 .text.pbuf_add_header
                0x0000000008002f8c        0x6 ./Middlewares/Third_Party/LwIP/src/core/pbuf.o
                0x0000000008002f8c                pbuf_add_header
 *fill*         0x0000000008002f92        0x2 
 .text.pbuf_remove_header
                0x0000000008002f94       0x58 ./Middlewares/Third_Party/LwIP/src/core/pbuf.o
                0x0000000008002f94                pbuf_remove_header
 .text.pbuf_header_force
                0x0000000008002fec       0x10 ./Middlewares/Third_Party/LwIP/src/core/pbuf.o
                0x0000000008002fec                pbuf_header_force
 .text.pbuf_free
                0x0000000008002ffc       0xa4 ./Middlewares/Third_Party/LwIP/src/core/pbuf.o
                0x0000000008002ffc                pbuf_free
 .text.pbuf_alloc
                0x00000000080030a0       0xf8 ./Middlewares/Third_Party/LwIP/src/core/pbuf.o
                0x00000000080030a0                pbuf_alloc
 .text.pbuf_realloc
                0x0000000008003198       0xac ./Middlewares/Third_Party/LwIP/src/core/pbuf.o
                0x0000000008003198                pbuf_realloc
 .text.pbuf_ref
                0x0000000008003244       0x28 ./Middlewares/Third_Party/LwIP/src/core/pbuf.o
                0x0000000008003244                pbuf_ref
 .text.pbuf_cat
                0x000000000800326c       0x74 ./Middlewares/Third_Party/LwIP/src/core/pbuf.o
                0x000000000800326c                pbuf_cat
 .text.pbuf_chain
                0x00000000080032e0       0x12 ./Middlewares/Third_Party/LwIP/src/core/pbuf.o
                0x00000000080032e0                pbuf_chain
 *fill*         0x00000000080032f2        0x2 
 .text.pbuf_copy
                0x00000000080032f4      0x104 ./Middlewares/Third_Party/LwIP/src/core/pbuf.o
                0x00000000080032f4                pbuf_copy
 .text.pbuf_copy_partial
                0x00000000080033f8       0x8c ./Middlewares/Third_Party/LwIP/src/core/pbuf.o
                0x00000000080033f8                pbuf_copy_partial
 .text.pbuf_take
                0x0000000008003484       0xbc ./Middlewares/Third_Party/LwIP/src/core/pbuf.o
                0x0000000008003484                pbuf_take
 .text.pbuf_clone
                0x0000000008003540       0x38 ./Middlewares/Third_Party/LwIP/src/core/pbuf.o
                0x0000000008003540                pbuf_clone
 .text.sys_timeout_abs
                0x0000000008003578       0x64 ./Middlewares/Third_Party/LwIP/src/core/timeouts.o
 .text.lwip_cyclic_timer
                0x00000000080035dc       0x34 ./Middlewares/Third_Party/LwIP/src/core/timeouts.o
 .text.sys_timeout
                0x0000000008003610       0x3c ./Middlewares/Third_Party/LwIP/src/core/timeouts.o
                0x0000000008003610                sys_timeout
 .text.sys_timeouts_init
                0x000000000800364c       0x14 ./Middlewares/Third_Party/LwIP/src/core/timeouts.o
                0x000000000800364c                sys_timeouts_init
 .text.sys_check_timeouts
                0x0000000008003660       0x44 ./Middlewares/Third_Party/LwIP/src/core/timeouts.o
                0x0000000008003660                sys_check_timeouts
 .text.udp_init
                0x00000000080036a4       0x18 ./Middlewares/Third_Party/LwIP/src/core/udp.o
                0x00000000080036a4                udp_init
 .text.udp_input
                0x00000000080036bc      0x1b0 ./Middlewares/Third_Party/LwIP/src/core/udp.o
                0x00000000080036bc                udp_input
 .text.udp_bind
                0x000000000800386c       0xcc ./Middlewares/Third_Party/LwIP/src/core/udp.o
                0x000000000800386c                udp_bind
 .text.udp_sendto_if_src
                0x0000000008003938      0x150 ./Middlewares/Third_Party/LwIP/src/core/udp.o
                0x0000000008003938                udp_sendto_if_src
 .text.udp_sendto_if
                0x0000000008003a88       0x80 ./Middlewares/Third_Party/LwIP/src/core/udp.o
                0x0000000008003a88                udp_sendto_if
 .text.udp_sendto
                0x0000000008003b08       0x78 ./Middlewares/Third_Party/LwIP/src/core/udp.o
                0x0000000008003b08                udp_sendto
 .text.udp_recv
                0x0000000008003b80       0x24 ./Middlewares/Third_Party/LwIP/src/core/udp.o
                0x0000000008003b80                udp_recv
 .text.udp_new  0x0000000008003ba4       0x1c ./Middlewares/Third_Party/LwIP/src/core/udp.o
                0x0000000008003ba4                udp_new
 .text.udp_netif_ip_addr_changed
                0x0000000008003bc0       0x2c ./Middlewares/Third_Party/LwIP/src/core/udp.o
                0x0000000008003bc0                udp_netif_ip_addr_changed
 .text.etharp_free_entry
                0x0000000008003bec       0x68 ./Middlewares/Third_Party/LwIP/src/core/ipv4/etharp.o
 .text.etharp_find_entry
                0x0000000008003c54      0x120 ./Middlewares/Third_Party/LwIP/src/core/ipv4/etharp.o
 .text.etharp_raw
                0x0000000008003d74       0xdc ./Middlewares/Third_Party/LwIP/src/core/ipv4/etharp.o
 .text.etharp_cleanup_netif
                0x0000000008003e50       0x28 ./Middlewares/Third_Party/LwIP/src/core/ipv4/etharp.o
                0x0000000008003e50                etharp_cleanup_netif
 .text.etharp_input
                0x0000000008003e78      0x14c ./Middlewares/Third_Party/LwIP/src/core/ipv4/etharp.o
                0x0000000008003e78                etharp_input
 .text.etharp_request
                0x0000000008003fc4       0x2c ./Middlewares/Third_Party/LwIP/src/core/ipv4/etharp.o
                0x0000000008003fc4                etharp_request
 .text.etharp_tmr
                0x0000000008003ff0       0x54 ./Middlewares/Third_Party/LwIP/src/core/ipv4/etharp.o
                0x0000000008003ff0                etharp_tmr
 .text.etharp_output_to_arp_index
                0x0000000008004044       0xac ./Middlewares/Third_Party/LwIP/src/core/ipv4/etharp.o
 .text.etharp_query
                0x00000000080040f0      0x17c ./Middlewares/Third_Party/LwIP/src/core/ipv4/etharp.o
                0x00000000080040f0                etharp_query
 .text.etharp_output
                0x000000000800426c      0x144 ./Middlewares/Third_Party/LwIP/src/core/ipv4/etharp.o
                0x000000000800426c                etharp_output
 .text.icmp_input
                0x00000000080043b0      0x144 ./Middlewares/Third_Party/LwIP/src/core/ipv4/icmp.o
                0x00000000080043b0                icmp_input
 .text.icmp_dest_unreach
                0x00000000080044f4       0xa0 ./Middlewares/Third_Party/LwIP/src/core/ipv4/icmp.o
                0x00000000080044f4                icmp_dest_unreach
 .text.ip4_input_accept
                0x0000000008004594       0x34 ./Middlewares/Third_Party/LwIP/src/core/ipv4/ip4.o
 .text.ip4_route
                0x00000000080045c8       0x5c ./Middlewares/Third_Party/LwIP/src/core/ipv4/ip4.o
                0x00000000080045c8                ip4_route
 .text.ip4_input
                0x0000000008004624      0x14c ./Middlewares/Third_Party/LwIP/src/core/ipv4/ip4.o
                0x0000000008004624                ip4_input
 .text.ip4_output_if_src
                0x0000000008004770       0xdc ./Middlewares/Third_Party/LwIP/src/core/ipv4/ip4.o
                0x0000000008004770                ip4_output_if_src
 .text.ip4_output_if
                0x000000000800484c       0x22 ./Middlewares/Third_Party/LwIP/src/core/ipv4/ip4.o
                0x000000000800484c                ip4_output_if
 .text.ip4_addr_isbroadcast_u32
                0x000000000800486e       0x36 ./Middlewares/Third_Party/LwIP/src/core/ipv4/ip4_addr.o
                0x000000000800486e                ip4_addr_isbroadcast_u32
 .text.ethernet_input
                0x00000000080048a4       0xa0 ./Middlewares/Third_Party/LwIP/src/netif/ethernet.o
                0x00000000080048a4                ethernet_input
 .text.ethernet_output
                0x0000000008004944       0x70 ./Middlewares/Third_Party/LwIP/src/netif/ethernet.o
                0x0000000008004944                ethernet_output
 .text.__libc_init_array
                0x00000000080049b4       0x48 c:/st/stm32cubeide_1.6.1/stm32cubeide/plugins/com.st.stm32cube.ide.mcu.externaltools.gnu-tools-for-stm32.10.3-2021.10.win32_1.0.200.202301161003/tools/bin/../lib/gcc/arm-none-eabi/10.3.1/../../../../arm-none-eabi/lib/thumb/v7e-m+fp/hard\libc_nano.a(lib_a-init.o)
                0x00000000080049b4                __libc_init_array
 .text.memcmp   0x00000000080049fc       0x20 c:/st/stm32cubeide_1.6.1/stm32cubeide/plugins/com.st.stm32cube.ide.mcu.externaltools.gnu-tools-for-stm32.10.3-2021.10.win32_1.0.200.202301161003/tools/bin/../lib/gcc/arm-none-eabi/10.3.1/../../../../arm-none-eabi/lib/thumb/v7e-m+fp/hard\libc_nano.a(lib_a-memcmp.o)
                0x00000000080049fc                memcmp
 .text.memcpy   0x0000000008004a1c       0x1c c:/st/stm32cubeide_1.6.1/stm32cubeide/plugins/com.st.stm32cube.ide.mcu.externaltools.gnu-tools-for-stm32.10.3-2021.10.win32_1.0.200.202301161003/tools/bin/../lib/gcc/arm-none-eabi/10.3.1/../../../../arm-none-eabi/lib/thumb/v7e-m+fp/hard\libc_nano.a(lib_a-memcpy-stub.o)
                0x0000000008004a1c                memcpy
 .text.memset   0x0000000008004a38       0x10 c:/st/stm32cubeide_1.6.1/stm32cubeide/plugins/com.st.stm32cube.ide.mcu.externaltools.gnu-tools-for-stm32.10.3-2021.10.win32_1.0.200.202301161003/tools/bin/../lib/gcc/arm-none-eabi/10.3.1/../../../../arm-none-eabi/lib/thumb/v7e-m+fp/hard\libc_nano.a(lib_a-memset.o)
                0x0000000008004a38                memset
 .text.printf   0x0000000008004a48       0x30 c:/st/stm32cubeide_1.6.1/stm32cubeide/plugins/com.st.stm32cube.ide.mcu.externaltools.gnu-tools-for-stm32.10.3-2021.10.win32_1.0.200.202301161003/tools/bin/../lib/gcc/arm-none-eabi/10.3.1/../../../../arm-none-eabi/lib/thumb/v7e-m+fp/hard\libc_nano.a(lib_a-printf.o)
                0x0000000008004a48                iprintf
                0x0000000008004a48                printf
 .text.rand     0x0000000008004a78       0x7c c:/st/stm32cubeide_1.6.1/stm32cubeide/plugins/com.st.stm32cube.ide.mcu.externaltools.gnu-tools-for-stm32.10.3-2021.10.win32_1.0.200.202301161003/tools/bin/../lib/gcc/arm-none-eabi/10.3.1/../../../../arm-none-eabi/lib/thumb/v7e-m+fp/hard\libc_nano.a(lib_a-rand.o)
                0x0000000008004a78                rand
 .text.__assert_func
                0x0000000008004af4       0x3c c:/st/stm32cubeide_1.6.1/stm32cubeide/plugins/com.st.stm32cube.ide.mcu.externaltools.gnu-tools-for-stm32.10.3-2021.10.win32_1.0.200.202301161003/tools/bin/../lib/gcc/arm-none-eabi/10.3.1/../../../../arm-none-eabi/lib/thumb/v7e-m+fp/hard\libc_nano.a(lib_a-assert.o)
                0x0000000008004af4                __assert_func
 .text.std      0x0000000008004b30       0x48 c:/st/stm32cubeide_1.6.1/stm32cubeide/plugins/com.st.stm32cube.ide.mcu.externaltools.gnu-tools-for-stm32.10.3-2021.10.win32_1.0.200.202301161003/tools/bin/../lib/gcc/arm-none-eabi/10.3.1/../../../../arm-none-eabi/lib/thumb/v7e-m+fp/hard\libc_nano.a(lib_a-findfp.o)
 .text._cleanup_r
                0x0000000008004b78        0xc c:/st/stm32cubeide_1.6.1/stm32cubeide/plugins/com.st.stm32cube.ide.mcu.externaltools.gnu-tools-for-stm32.10.3-2021.10.win32_1.0.200.202301161003/tools/bin/../lib/gcc/arm-none-eabi/10.3.1/../../../../arm-none-eabi/lib/thumb/v7e-m+fp/hard\libc_nano.a(lib_a-findfp.o)
                0x0000000008004b78                _cleanup_r
 .text.__sfmoreglue
                0x0000000008004b84       0x2c c:/st/stm32cubeide_1.6.1/stm32cubeide/plugins/com.st.stm32cube.ide.mcu.externaltools.gnu-tools-for-stm32.10.3-2021.10.win32_1.0.200.202301161003/tools/bin/../lib/gcc/arm-none-eabi/10.3.1/../../../../arm-none-eabi/lib/thumb/v7e-m+fp/hard\libc_nano.a(lib_a-findfp.o)
                0x0000000008004b84                __sfmoreglue
 .text.__sfp_lock_acquire
                0x0000000008004bb0        0xc c:/st/stm32cubeide_1.6.1/stm32cubeide/plugins/com.st.stm32cube.ide.mcu.externaltools.gnu-tools-for-stm32.10.3-2021.10.win32_1.0.200.202301161003/tools/bin/../lib/gcc/arm-none-eabi/10.3.1/../../../../arm-none-eabi/lib/thumb/v7e-m+fp/hard\libc_nano.a(lib_a-findfp.o)
                0x0000000008004bb0                __sfp_lock_acquire
 .text.__sfp_lock_release
                0x0000000008004bbc        0xc c:/st/stm32cubeide_1.6.1/stm32cubeide/plugins/com.st.stm32cube.ide.mcu.externaltools.gnu-tools-for-stm32.10.3-2021.10.win32_1.0.200.202301161003/tools/bin/../lib/gcc/arm-none-eabi/10.3.1/../../../../arm-none-eabi/lib/thumb/v7e-m+fp/hard\libc_nano.a(lib_a-findfp.o)
                0x0000000008004bbc                __sfp_lock_release
 .text.__sinit_lock_acquire
                0x0000000008004bc8        0xc c:/st/stm32cubeide_1.6.1/stm32cubeide/plugins/com.st.stm32cube.ide.mcu.externaltools.gnu-tools-for-stm32.10.3-2021.10.win32_1.0.200.202301161003/tools/bin/../lib/gcc/arm-none-eabi/10.3.1/../../../../arm-none-eabi/lib/thumb/v7e-m+fp/hard\libc_nano.a(lib_a-findfp.o)
                0x0000000008004bc8                __sinit_lock_acquire
 .text.__sinit_lock_release
                0x0000000008004bd4        0xc c:/st/stm32cubeide_1.6.1/stm32cubeide/plugins/com.st.stm32cube.ide.mcu.externaltools.gnu-tools-for-stm32.10.3-2021.10.win32_1.0.200.202301161003/tools/bin/../lib/gcc/arm-none-eabi/10.3.1/../../../../arm-none-eabi/lib/thumb/v7e-m+fp/hard\libc_nano.a(lib_a-findfp.o)
                0x0000000008004bd4                __sinit_lock_release
 .text.__sinit  0x0000000008004be0       0x70 c:/st/stm32cubeide_1.6.1/stm32cubeide/plugins/com.st.stm32cube.ide.mcu.externaltools.gnu-tools-for-stm32.10.3-2021.10.win32_1.0.200.202301161003/tools/bin/../lib/gcc/arm-none-eabi/10.3.1/../../../../arm-none-eabi/lib/thumb/v7e-m+fp/hard\libc_nano.a(lib_a-findfp.o)
                0x0000000008004be0                __sinit
 .text.__sfp    0x0000000008004c50       0x8c c:/st/stm32cubeide_1.6.1/stm32cubeide/plugins/com.st.stm32cube.ide.mcu.externaltools.gnu-tools-for-stm32.10.3-2021.10.win32_1.0.200.202301161003/tools/bin/../lib/gcc/arm-none-eabi/10.3.1/../../../../arm-none-eabi/lib/thumb/v7e-m+fp/hard\libc_nano.a(lib_a-findfp.o)
                0x0000000008004c50                __sfp
 .text.fprintf  0x0000000008004cdc       0x24 c:/st/stm32cubeide_1.6.1/stm32cubeide/plugins/com.st.stm32cube.ide.mcu.externaltools.gnu-tools-for-stm32.10.3-2021.10.win32_1.0.200.202301161003/tools/bin/../lib/gcc/arm-none-eabi/10.3.1/../../../../arm-none-eabi/lib/thumb/v7e-m+fp/hard\libc_nano.a(lib_a-fprintf.o)
                0x0000000008004cdc                fiprintf
                0x0000000008004cdc                fprintf
 .text._fwalk_reent
                0x0000000008004d00       0x3e c:/st/stm32cubeide_1.6.1/stm32cubeide/plugins/com.st.stm32cube.ide.mcu.externaltools.gnu-tools-for-stm32.10.3-2021.10.win32_1.0.200.202301161003/tools/bin/../lib/gcc/arm-none-eabi/10.3.1/../../../../arm-none-eabi/lib/thumb/v7e-m+fp/hard\libc_nano.a(lib_a-fwalk.o)
                0x0000000008004d00                _fwalk_reent
 .text.__retarget_lock_init_recursive
                0x0000000008004d3e        0x2 c:/st/stm32cubeide_1.6.1/stm32cubeide/plugins/com.st.stm32cube.ide.mcu.externaltools.gnu-tools-for-stm32.10.3-2021.10.win32_1.0.200.202301161003/tools/bin/../lib/gcc/arm-none-eabi/10.3.1/../../../../arm-none-eabi/lib/thumb/v7e-m+fp/hard\libc_nano.a(lib_a-lock.o)
                0x0000000008004d3e                __retarget_lock_init_recursive
 .text.__retarget_lock_acquire_recursive
                0x0000000008004d40        0x2 c:/st/stm32cubeide_1.6.1/stm32cubeide/plugins/com.st.stm32cube.ide.mcu.externaltools.gnu-tools-for-stm32.10.3-2021.10.win32_1.0.200.202301161003/tools/bin/../lib/gcc/arm-none-eabi/10.3.1/../../../../arm-none-eabi/lib/thumb/v7e-m+fp/hard\libc_nano.a(lib_a-lock.o)
                0x0000000008004d40                __retarget_lock_acquire_recursive
 .text.__retarget_lock_release_recursive
                0x0000000008004d42        0x2 c:/st/stm32cubeide_1.6.1/stm32cubeide/plugins/com.st.stm32cube.ide.mcu.externaltools.gnu-tools-for-stm32.10.3-2021.10.win32_1.0.200.202301161003/tools/bin/../lib/gcc/arm-none-eabi/10.3.1/../../../../arm-none-eabi/lib/thumb/v7e-m+fp/hard\libc_nano.a(lib_a-lock.o)
                0x0000000008004d42                __retarget_lock_release_recursive
 .text.malloc   0x0000000008004d44       0x10 c:/st/stm32cubeide_1.6.1/stm32cubeide/plugins/com.st.stm32cube.ide.mcu.externaltools.gnu-tools-for-stm32.10.3-2021.10.win32_1.0.200.202301161003/tools/bin/../lib/gcc/arm-none-eabi/10.3.1/../../../../arm-none-eabi/lib/thumb/v7e-m+fp/hard\libc_nano.a(lib_a-malloc.o)
                0x0000000008004d44                malloc
 .text._free_r  0x0000000008004d54       0x98 c:/st/stm32cubeide_1.6.1/stm32cubeide/plugins/com.st.stm32cube.ide.mcu.externaltools.gnu-tools-for-stm32.10.3-2021.10.win32_1.0.200.202301161003/tools/bin/../lib/gcc/arm-none-eabi/10.3.1/../../../../arm-none-eabi/lib/thumb/v7e-m+fp/hard\libc_nano.a(lib_a-nano-freer.o)
                0x0000000008004d54                _free_r
 .text.sbrk_aligned
                0x0000000008004dec       0x40 c:/st/stm32cubeide_1.6.1/stm32cubeide/plugins/com.st.stm32cube.ide.mcu.externaltools.gnu-tools-for-stm32.10.3-2021.10.win32_1.0.200.202301161003/tools/bin/../lib/gcc/arm-none-eabi/10.3.1/../../../../arm-none-eabi/lib/thumb/v7e-m+fp/hard\libc_nano.a(lib_a-nano-mallocr.o)
 .text._malloc_r
                0x0000000008004e2c       0xe8 c:/st/stm32cubeide_1.6.1/stm32cubeide/plugins/com.st.stm32cube.ide.mcu.externaltools.gnu-tools-for-stm32.10.3-2021.10.win32_1.0.200.202301161003/tools/bin/../lib/gcc/arm-none-eabi/10.3.1/../../../../arm-none-eabi/lib/thumb/v7e-m+fp/hard\libc_nano.a(lib_a-nano-mallocr.o)
                0x0000000008004e2c                _malloc_r
 .text.__sfputc_r
                0x0000000008004f14       0x2e c:/st/stm32cubeide_1.6.1/stm32cubeide/plugins/com.st.stm32cube.ide.mcu.externaltools.gnu-tools-for-stm32.10.3-2021.10.win32_1.0.200.202301161003/tools/bin/../lib/gcc/arm-none-eabi/10.3.1/../../../../arm-none-eabi/lib/thumb/v7e-m+fp/hard\libc_nano.a(lib_a-nano-vfprintf.o)
 .text.__sfputs_r
                0x0000000008004f42       0x24 c:/st/stm32cubeide_1.6.1/stm32cubeide/plugins/com.st.stm32cube.ide.mcu.externaltools.gnu-tools-for-stm32.10.3-2021.10.win32_1.0.200.202301161003/tools/bin/../lib/gcc/arm-none-eabi/10.3.1/../../../../arm-none-eabi/lib/thumb/v7e-m+fp/hard\libc_nano.a(lib_a-nano-vfprintf.o)
                0x0000000008004f42                __sfputs_r
 *fill*         0x0000000008004f66        0x2 
 .text._vfprintf_r
                0x0000000008004f68      0x260 c:/st/stm32cubeide_1.6.1/stm32cubeide/plugins/com.st.stm32cube.ide.mcu.externaltools.gnu-tools-for-stm32.10.3-2021.10.win32_1.0.200.202301161003/tools/bin/../lib/gcc/arm-none-eabi/10.3.1/../../../../arm-none-eabi/lib/thumb/v7e-m+fp/hard\libc_nano.a(lib_a-nano-vfprintf.o)
                0x0000000008004f68                _vfprintf_r
                0x0000000008004f68                _vfiprintf_r
 .text._printf_common
                0x00000000080051c8       0xda c:/st/stm32cubeide_1.6.1/stm32cubeide/plugins/com.st.stm32cube.ide.mcu.externaltools.gnu-tools-for-stm32.10.3-2021.10.win32_1.0.200.202301161003/tools/bin/../lib/gcc/arm-none-eabi/10.3.1/../../../../arm-none-eabi/lib/thumb/v7e-m+fp/hard\libc_nano.a(lib_a-nano-vfprintf_i.o)
                0x00000000080051c8                _printf_common
 *fill*         0x00000000080052a2        0x2 
 .text._printf_i
                0x00000000080052a4      0x24c c:/st/stm32cubeide_1.6.1/stm32cubeide/plugins/com.st.stm32cube.ide.mcu.externaltools.gnu-tools-for-stm32.10.3-2021.10.win32_1.0.200.202301161003/tools/bin/../lib/gcc/arm-none-eabi/10.3.1/../../../../arm-none-eabi/lib/thumb/v7e-m+fp/hard\libc_nano.a(lib_a-nano-vfprintf_i.o)
                0x00000000080052a4                _printf_i
 .text._sbrk_r  0x00000000080054f0       0x20 c:/st/stm32cubeide_1.6.1/stm32cubeide/plugins/com.st.stm32cube.ide.mcu.externaltools.gnu-tools-for-stm32.10.3-2021.10.win32_1.0.200.202301161003/tools/bin/../lib/gcc/arm-none-eabi/10.3.1/../../../../arm-none-eabi/lib/thumb/v7e-m+fp/hard\libc_nano.a(lib_a-sbrkr.o)
                0x00000000080054f0                _sbrk_r
 .text.__sread  0x0000000008005510       0x22 c:/st/stm32cubeide_1.6.1/stm32cubeide/plugins/com.st.stm32cube.ide.mcu.externaltools.gnu-tools-for-stm32.10.3-2021.10.win32_1.0.200.202301161003/tools/bin/../lib/gcc/arm-none-eabi/10.3.1/../../../../arm-none-eabi/lib/thumb/v7e-m+fp/hard\libc_nano.a(lib_a-stdio.o)
                0x0000000008005510                __sread
 .text.__swrite
                0x0000000008005532       0x38 c:/st/stm32cubeide_1.6.1/stm32cubeide/plugins/com.st.stm32cube.ide.mcu.externaltools.gnu-tools-for-stm32.10.3-2021.10.win32_1.0.200.202301161003/tools/bin/../lib/gcc/arm-none-eabi/10.3.1/../../../../arm-none-eabi/lib/thumb/v7e-m+fp/hard\libc_nano.a(lib_a-stdio.o)
                0x0000000008005532                __swrite
 .text.__sseek  0x000000000800556a       0x24 c:/st/stm32cubeide_1.6.1/stm32cubeide/plugins/com.st.stm32cube.ide.mcu.externaltools.gnu-tools-for-stm32.10.3-2021.10.win32_1.0.200.202301161003/tools/bin/../lib/gcc/arm-none-eabi/10.3.1/../../../../arm-none-eabi/lib/thumb/v7e-m+fp/hard\libc_nano.a(lib_a-stdio.o)
                0x000000000800556a                __sseek
 .text.__sclose
                0x000000000800558e        0x8 c:/st/stm32cubeide_1.6.1/stm32cubeide/plugins/com.st.stm32cube.ide.mcu.externaltools.gnu-tools-for-stm32.10.3-2021.10.win32_1.0.200.202301161003/tools/bin/../lib/gcc/arm-none-eabi/10.3.1/../../../../arm-none-eabi/lib/thumb/v7e-m+fp/hard\libc_nano.a(lib_a-stdio.o)
                0x000000000800558e                __sclose
 *fill*         0x0000000008005596        0x2 
 .text.__swbuf_r
                0x0000000008005598       0xa4 c:/st/stm32cubeide_1.6.1/stm32cubeide/plugins/com.st.stm32cube.ide.mcu.externaltools.gnu-tools-for-stm32.10.3-2021.10.win32_1.0.200.202301161003/tools/bin/../lib/gcc/arm-none-eabi/10.3.1/../../../../arm-none-eabi/lib/thumb/v7e-m+fp/hard\libc_nano.a(lib_a-wbuf.o)
                0x0000000008005598                __swbuf_r
 .text._write_r
                0x000000000800563c       0x24 c:/st/stm32cubeide_1.6.1/stm32cubeide/plugins/com.st.stm32cube.ide.mcu.externaltools.gnu-tools-for-stm32.10.3-2021.10.win32_1.0.200.202301161003/tools/bin/../lib/gcc/arm-none-eabi/10.3.1/../../../../arm-none-eabi/lib/thumb/v7e-m+fp/hard\libc_nano.a(lib_a-writer.o)
                0x000000000800563c                _write_r
 .text.__swsetup_r
                0x0000000008005660       0xdc c:/st/stm32cubeide_1.6.1/stm32cubeide/plugins/com.st.stm32cube.ide.mcu.externaltools.gnu-tools-for-stm32.10.3-2021.10.win32_1.0.200.202301161003/tools/bin/../lib/gcc/arm-none-eabi/10.3.1/../../../../arm-none-eabi/lib/thumb/v7e-m+fp/hard\libc_nano.a(lib_a-wsetup.o)
                0x0000000008005660                __swsetup_r
 .text.abort    0x000000000800573c        0xe c:/st/stm32cubeide_1.6.1/stm32cubeide/plugins/com.st.stm32cube.ide.mcu.externaltools.gnu-tools-for-stm32.10.3-2021.10.win32_1.0.200.202301161003/tools/bin/../lib/gcc/arm-none-eabi/10.3.1/../../../../arm-none-eabi/lib/thumb/v7e-m+fp/hard\libc_nano.a(lib_a-abort.o)
                0x000000000800573c                abort
 *fill*         0x000000000800574a        0x2 
 .text._close_r
                0x000000000800574c       0x20 c:/st/stm32cubeide_1.6.1/stm32cubeide/plugins/com.st.stm32cube.ide.mcu.externaltools.gnu-tools-for-stm32.10.3-2021.10.win32_1.0.200.202301161003/tools/bin/../lib/gcc/arm-none-eabi/10.3.1/../../../../arm-none-eabi/lib/thumb/v7e-m+fp/hard\libc_nano.a(lib_a-closer.o)
                0x000000000800574c                _close_r
 .text.__sflush_r
                0x000000000800576c      0x10c c:/st/stm32cubeide_1.6.1/stm32cubeide/plugins/com.st.stm32cube.ide.mcu.externaltools.gnu-tools-for-stm32.10.3-2021.10.win32_1.0.200.202301161003/tools/bin/../lib/gcc/arm-none-eabi/10.3.1/../../../../arm-none-eabi/lib/thumb/v7e-m+fp/hard\libc_nano.a(lib_a-fflush.o)
                0x000000000800576c                __sflush_r
 .text._fflush_r
                0x0000000008005878       0x78 c:/st/stm32cubeide_1.6.1/stm32cubeide/plugins/com.st.stm32cube.ide.mcu.externaltools.gnu-tools-for-stm32.10.3-2021.10.win32_1.0.200.202301161003/tools/bin/../lib/gcc/arm-none-eabi/10.3.1/../../../../arm-none-eabi/lib/thumb/v7e-m+fp/hard\libc_nano.a(lib_a-fflush.o)
                0x0000000008005878                _fflush_r
 .text._lseek_r
                0x00000000080058f0       0x24 c:/st/stm32cubeide_1.6.1/stm32cubeide/plugins/com.st.stm32cube.ide.mcu.externaltools.gnu-tools-for-stm32.10.3-2021.10.win32_1.0.200.202301161003/tools/bin/../lib/gcc/arm-none-eabi/10.3.1/../../../../arm-none-eabi/lib/thumb/v7e-m+fp/hard\libc_nano.a(lib_a-lseekr.o)
                0x00000000080058f0                _lseek_r
 .text.__swhatbuf_r
                0x0000000008005914       0x4a c:/st/stm32cubeide_1.6.1/stm32cubeide/plugins/com.st.stm32cube.ide.mcu.externaltools.gnu-tools-for-stm32.10.3-2021.10.win32_1.0.200.202301161003/tools/bin/../lib/gcc/arm-none-eabi/10.3.1/../../../../arm-none-eabi/lib/thumb/v7e-m+fp/hard\libc_nano.a(lib_a-makebuf.o)
                0x0000000008005914                __swhatbuf_r
 *fill*         0x000000000800595e        0x2 
 .text.__smakebuf_r
                0x0000000008005960       0x80 c:/st/stm32cubeide_1.6.1/stm32cubeide/plugins/com.st.stm32cube.ide.mcu.externaltools.gnu-tools-for-stm32.10.3-2021.10.win32_1.0.200.202301161003/tools/bin/../lib/gcc/arm-none-eabi/10.3.1/../../../../arm-none-eabi/lib/thumb/v7e-m+fp/hard\libc_nano.a(lib_a-makebuf.o)
                0x0000000008005960                __smakebuf_r
 .text.__malloc_lock
                0x00000000080059e0        0xc c:/st/stm32cubeide_1.6.1/stm32cubeide/plugins/com.st.stm32cube.ide.mcu.externaltools.gnu-tools-for-stm32.10.3-2021.10.win32_1.0.200.202301161003/tools/bin/../lib/gcc/arm-none-eabi/10.3.1/../../../../arm-none-eabi/lib/thumb/v7e-m+fp/hard\libc_nano.a(lib_a-mlock.o)
                0x00000000080059e0                __malloc_lock
 .text.__malloc_unlock
                0x00000000080059ec        0xc c:/st/stm32cubeide_1.6.1/stm32cubeide/plugins/com.st.stm32cube.ide.mcu.externaltools.gnu-tools-for-stm32.10.3-2021.10.win32_1.0.200.202301161003/tools/bin/../lib/gcc/arm-none-eabi/10.3.1/../../../../arm-none-eabi/lib/thumb/v7e-m+fp/hard\libc_nano.a(lib_a-mlock.o)
                0x00000000080059ec                __malloc_unlock
 .text._read_r  0x00000000080059f8       0x24 c:/st/stm32cubeide_1.6.1/stm32cubeide/plugins/com.st.stm32cube.ide.mcu.externaltools.gnu-tools-for-stm32.10.3-2021.10.win32_1.0.200.202301161003/tools/bin/../lib/gcc/arm-none-eabi/10.3.1/../../../../arm-none-eabi/lib/thumb/v7e-m+fp/hard\libc_nano.a(lib_a-readr.o)
                0x00000000080059f8                _read_r
 .text._raise_r
                0x0000000008005a1c       0x50 c:/st/stm32cubeide_1.6.1/stm32cubeide/plugins/com.st.stm32cube.ide.mcu.externaltools.gnu-tools-for-stm32.10.3-2021.10.win32_1.0.200.202301161003/tools/bin/../lib/gcc/arm-none-eabi/10.3.1/../../../../arm-none-eabi/lib/thumb/v7e-m+fp/hard\libc_nano.a(lib_a-signal.o)
                0x0000000008005a1c                _raise_r
 .text.raise    0x0000000008005a6c       0x10 c:/st/stm32cubeide_1.6.1/stm32cubeide/plugins/com.st.stm32cube.ide.mcu.externaltools.gnu-tools-for-stm32.10.3-2021.10.win32_1.0.200.202301161003/tools/bin/../lib/gcc/arm-none-eabi/10.3.1/../../../../arm-none-eabi/lib/thumb/v7e-m+fp/hard\libc_nano.a(lib_a-signal.o)
                0x0000000008005a6c                raise
 .text._kill_r  0x0000000008005a7c       0x24 c:/st/stm32cubeide_1.6.1/stm32cubeide/plugins/com.st.stm32cube.ide.mcu.externaltools.gnu-tools-for-stm32.10.3-2021.10.win32_1.0.200.202301161003/tools/bin/../lib/gcc/arm-none-eabi/10.3.1/../../../../arm-none-eabi/lib/thumb/v7e-m+fp/hard\libc_nano.a(lib_a-signalr.o)
                0x0000000008005a7c                _kill_r
 .text._getpid_r
                0x0000000008005aa0        0x4 c:/st/stm32cubeide_1.6.1/stm32cubeide/plugins/com.st.stm32cube.ide.mcu.externaltools.gnu-tools-for-stm32.10.3-2021.10.win32_1.0.200.202301161003/tools/bin/../lib/gcc/arm-none-eabi/10.3.1/../../../../arm-none-eabi/lib/thumb/v7e-m+fp/hard\libc_nano.a(lib_a-signalr.o)
                0x0000000008005aa0                _getpid_r
 .text._fstat_r
                0x0000000008005aa4       0x24 c:/st/stm32cubeide_1.6.1/stm32cubeide/plugins/com.st.stm32cube.ide.mcu.externaltools.gnu-tools-for-stm32.10.3-2021.10.win32_1.0.200.202301161003/tools/bin/../lib/gcc/arm-none-eabi/10.3.1/../../../../arm-none-eabi/lib/thumb/v7e-m+fp/hard\libc_nano.a(lib_a-fstatr.o)
                0x0000000008005aa4                _fstat_r
 .text._isatty_r
                0x0000000008005ac8       0x20 c:/st/stm32cubeide_1.6.1/stm32cubeide/plugins/com.st.stm32cube.ide.mcu.externaltools.gnu-tools-for-stm32.10.3-2021.10.win32_1.0.200.202301161003/tools/bin/../lib/gcc/arm-none-eabi/10.3.1/../../../../arm-none-eabi/lib/thumb/v7e-m+fp/hard\libc_nano.a(lib_a-isattyr.o)
                0x0000000008005ac8                _isatty_r
 *(.glue_7)
 .glue_7        0x0000000008005ae8        0x0 linker stubs
 *(.glue_7t)
 .glue_7t       0x0000000008005ae8        0x0 linker stubs
 *(.eh_frame)
 .eh_frame      0x0000000008005ae8        0x0 c:/st/stm32cubeide_1.6.1/stm32cubeide/plugins/com.st.stm32cube.ide.mcu.externaltools.gnu-tools-for-stm32.10.3-2021.10.win32_1.0.200.202301161003/tools/bin/../lib/gcc/arm-none-eabi/10.3.1/thumb/v7e-m+fp/hard/crtbegin.o
 *(.init)
 .init          0x0000000008005ae8        0x4 c:/st/stm32cubeide_1.6.1/stm32cubeide/plugins/com.st.stm32cube.ide.mcu.externaltools.gnu-tools-for-stm32.10.3-2021.10.win32_1.0.200.202301161003/tools/bin/../lib/gcc/arm-none-eabi/10.3.1/thumb/v7e-m+fp/hard/crti.o
                0x0000000008005ae8                _init
 .init          0x0000000008005aec        0x8 c:/st/stm32cubeide_1.6.1/stm32cubeide/plugins/com.st.stm32cube.ide.mcu.externaltools.gnu-tools-for-stm32.10.3-2021.10.win32_1.0.200.202301161003/tools/bin/../lib/gcc/arm-none-eabi/10.3.1/thumb/v7e-m+fp/hard/crtn.o
 *(.fini)
 .fini          0x0000000008005af4        0x4 c:/st/stm32cubeide_1.6.1/stm32cubeide/plugins/com.st.stm32cube.ide.mcu.externaltools.gnu-tools-for-stm32.10.3-2021.10.win32_1.0.200.202301161003/tools/bin/../lib/gcc/arm-none-eabi/10.3.1/thumb/v7e-m+fp/hard/crti.o
                0x0000000008005af4                _fini
 .fini          0x0000000008005af8        0x8 c:/st/stm32cubeide_1.6.1/stm32cubeide/plugins/com.st.stm32cube.ide.mcu.externaltools.gnu-tools-for-stm32.10.3-2021.10.win32_1.0.200.202301161003/tools/bin/../lib/gcc/arm-none-eabi/10.3.1/thumb/v7e-m+fp/hard/crtn.o
                0x0000000008005b00                . = ALIGN (0x4)
                0x0000000008005b00                _etext = .

.vfp11_veneer   0x0000000008005b00        0x0
 .vfp11_veneer  0x0000000008005b00        0x0 linker stubs

.v4_bx          0x0000000008005b00        0x0
 .v4_bx         0x0000000008005b00        0x0 linker stubs

.iplt           0x0000000008005b00        0x0
 .iplt          0x0000000008005b00        0x0 c:/st/stm32cubeide_1.6.1/stm32cubeide/plugins/com.st.stm32cube.ide.mcu.externaltools.gnu-tools-for-stm32.10.3-2021.10.win32_1.0.200.202301161003/tools/bin/../lib/gcc/arm-none-eabi/10.3.1/thumb/v7e-m+fp/hard/crtbegin.o

.rodata         0x0000000008005b00      0xef0
                0x0000000008005b00                . = ALIGN (0x4)
 *(.rodata)
 *(.rodata*)
 .rodata.AHBPrescTable
                0x0000000008005b00       0x10 ./Core/Src/system_stm32f4xx.o
                0x0000000008005b00                AHBPrescTable
 .rodata.ethernetif_init.str1.1
                0x0000000008005b10       0x52 ./LWIP/Target/ethernetif.o
 .rodata.mem_free.str1.1
                0x0000000008005b62      0x120 ./Middlewares/Third_Party/LwIP/src/core/mem.o
                                        0x148 (size before relaxing)
 .rodata.mem_trim.str1.1
                0x0000000008005c82       0x48 ./Middlewares/Third_Party/LwIP/src/core/mem.o
 .rodata.mem_malloc.str1.1
                0x0000000008005cca       0x9b ./Middlewares/Third_Party/LwIP/src/core/mem.o
 .rodata.do_memp_free_pool.str1.1
                0x0000000008005d65       0x50 ./Middlewares/Third_Party/LwIP/src/core/memp.o
                                         0x78 (size before relaxing)
 .rodata.do_memp_malloc_pool.isra.0.str1.1
                0x0000000008005db5       0x23 ./Middlewares/Third_Party/LwIP/src/core/memp.o
 .rodata.memp_malloc.str1.1
                0x0000000008005dd8       0x1d ./Middlewares/Third_Party/LwIP/src/core/memp.o
 .rodata.memp_free.str1.1
                0x0000000008005df5       0x1b ./Middlewares/Third_Party/LwIP/src/core/memp.o
 .rodata.memp_ARP_QUEUE
                0x0000000008005e10        0xc ./Middlewares/Third_Party/LwIP/src/core/memp.o
                0x0000000008005e10                memp_ARP_QUEUE
 .rodata.memp_PBUF
                0x0000000008005e1c        0xc ./Middlewares/Third_Party/LwIP/src/core/memp.o
                0x0000000008005e1c                memp_PBUF
 .rodata.memp_PBUF_POOL
                0x0000000008005e28        0xc ./Middlewares/Third_Party/LwIP/src/core/memp.o
                0x0000000008005e28                memp_PBUF_POOL
 .rodata.memp_SYS_TIMEOUT
                0x0000000008005e34        0xc ./Middlewares/Third_Party/LwIP/src/core/memp.o
                0x0000000008005e34                memp_SYS_TIMEOUT
 .rodata.memp_UDP_PCB
                0x0000000008005e40        0xc ./Middlewares/Third_Party/LwIP/src/core/memp.o
                0x0000000008005e40                memp_UDP_PCB
 .rodata.memp_pools
                0x0000000008005e4c       0x14 ./Middlewares/Third_Party/LwIP/src/core/memp.o
                0x0000000008005e4c                memp_pools
 .rodata.netif_issue_reports.str1.1
                0x0000000008005e60       0x54 ./Middlewares/Third_Party/LwIP/src/core/netif.o
                                         0x7c (size before relaxing)
 .rodata.netif_do_set_ipaddr.isra.0.str1.1
                0x0000000008005eb4       0x10 ./Middlewares/Third_Party/LwIP/src/core/netif.o
 .rodata.netif_add.str1.1
                0x0000000008005ec4       0x7d ./Middlewares/Third_Party/LwIP/src/core/netif.o
 .rodata.netif_set_up.str1.1
                0x0000000008005f41       0x1c ./Middlewares/Third_Party/LwIP/src/core/netif.o
 .rodata.netif_set_down.str1.1
                0x0000000008005f5d       0x1e ./Middlewares/Third_Party/LwIP/src/core/netif.o
 .rodata.pbuf_add_header_impl.str1.1
                0x0000000008005f7b       0x30 ./Middlewares/Third_Party/LwIP/src/core/pbuf.o
                                         0x62 (size before relaxing)
 .rodata.pbuf_alloc_reference.str1.1
                0x0000000008005fab       0x12 ./Middlewares/Third_Party/LwIP/src/core/pbuf.o
 .rodata.pbuf_remove_header.str1.1
                0x0000000008005fbd       0x1e ./Middlewares/Third_Party/LwIP/src/core/pbuf.o
 .rodata.pbuf_free.str1.1
                0x0000000008005fdb       0x28 ./Middlewares/Third_Party/LwIP/src/core/pbuf.o
 .rodata.pbuf_alloc.str1.1
                0x0000000008006003       0x1b ./Middlewares/Third_Party/LwIP/src/core/pbuf.o
 .rodata.pbuf_realloc.str1.1
                0x000000000800601e       0x4c ./Middlewares/Third_Party/LwIP/src/core/pbuf.o
 .rodata.pbuf_ref.str1.1
                0x000000000800606a       0x12 ./Middlewares/Third_Party/LwIP/src/core/pbuf.o
 .rodata.pbuf_cat.str1.1
                0x000000000800607c       0x72 ./Middlewares/Third_Party/LwIP/src/core/pbuf.o
 .rodata.pbuf_copy.str1.1
                0x00000000080060ee       0x99 ./Middlewares/Third_Party/LwIP/src/core/pbuf.o
 .rodata.pbuf_copy_partial.str1.1
                0x0000000008006187       0x42 ./Middlewares/Third_Party/LwIP/src/core/pbuf.o
 .rodata.pbuf_take.str1.1
                0x00000000080061c9       0x80 ./Middlewares/Third_Party/LwIP/src/core/pbuf.o
 .rodata.pbuf_clone.str1.1
                0x0000000008006249       0x11 ./Middlewares/Third_Party/LwIP/src/core/pbuf.o
 .rodata.sys_timeout_abs.str1.1
                0x000000000800625a       0x71 ./Middlewares/Third_Party/LwIP/src/core/timeouts.o
                                         0x99 (size before relaxing)
 .rodata.sys_timeout.str1.1
                0x00000000080062cb       0x36 ./Middlewares/Third_Party/LwIP/src/core/timeouts.o
 *fill*         0x0000000008006301        0x3 
 .rodata.lwip_cyclic_timers
                0x0000000008006304        0x8 ./Middlewares/Third_Party/LwIP/src/core/timeouts.o
                0x0000000008006304                lwip_cyclic_timers
 .rodata.udp_input.str1.1
                0x000000000800630c       0xa0 ./Middlewares/Third_Party/LwIP/src/core/udp.o
                                         0xc8 (size before relaxing)
 .rodata.udp_bind.str1.1
                0x00000000080063ac       0x16 ./Middlewares/Third_Party/LwIP/src/core/udp.o
 .rodata.udp_sendto_if_src.str1.1
                0x00000000080063c2       0xd2 ./Middlewares/Third_Party/LwIP/src/core/udp.o
 .rodata.udp_sendto_if.str1.1
                0x0000000008006494       0x72 ./Middlewares/Third_Party/LwIP/src/core/udp.o
 .rodata.udp_sendto.str1.1
                0x0000000008006506       0x4c ./Middlewares/Third_Party/LwIP/src/core/udp.o
 .rodata.udp_recv.str1.1
                0x0000000008006552       0x16 ./Middlewares/Third_Party/LwIP/src/core/udp.o
 .rodata.etharp_free_entry.str1.1
                0x0000000008006568       0x44 ./Middlewares/Third_Party/LwIP/src/core/ipv4/etharp.o
                                         0x6c (size before relaxing)
 .rodata.etharp_find_entry.str1.1
                0x00000000080065ac       0x40 ./Middlewares/Third_Party/LwIP/src/core/ipv4/etharp.o
 .rodata.etharp_raw.str1.1
                0x00000000080065ec       0x72 ./Middlewares/Third_Party/LwIP/src/core/ipv4/etharp.o
                                         0x80 (size before relaxing)
 .rodata.etharp_get_entry.str1.1
                0x000000000800665e       0x1f ./Middlewares/Third_Party/LwIP/src/core/ipv4/etharp.o
 .rodata.etharp_input.str1.1
                0x000000000800667d       0x24 ./Middlewares/Third_Party/LwIP/src/core/ipv4/etharp.o
 .rodata.etharp_output_to_arp_index.str1.1
                0x00000000080066a1       0x30 ./Middlewares/Third_Party/LwIP/src/core/ipv4/etharp.o
 .rodata.etharp_query.str1.1
                0x00000000080066d1       0x28 ./Middlewares/Third_Party/LwIP/src/core/ipv4/etharp.o
 .rodata.etharp_output.str1.1
                0x00000000080066f9       0x28 ./Middlewares/Third_Party/LwIP/src/core/ipv4/etharp.o
                                          0xa (size before relaxing)
 .rodata.icmp_input.str1.1
                0x00000000080066f9       0x9c ./Middlewares/Third_Party/LwIP/src/core/ipv4/icmp.o
                                         0xc4 (size before relaxing)
 .rodata.icmp_dest_unreach.str1.1
                0x0000000008006795       0x2c ./Middlewares/Third_Party/LwIP/src/core/ipv4/icmp.o
 .rodata.ip4_output_if_src.str1.1
                0x00000000080067c1       0x6d ./Middlewares/Third_Party/LwIP/src/core/ipv4/ip4.o
                                         0x95 (size before relaxing)
 *fill*         0x000000000800682e        0x2 
 .rodata.ip_addr_any
                0x0000000008006830        0x4 ./Middlewares/Third_Party/LwIP/src/core/ipv4/ip4_addr.o
                0x0000000008006830                ip_addr_any
 .rodata.ethernet_output.str1.1
                0x0000000008006834       0x66 ./Middlewares/Third_Party/LwIP/src/netif/ethernet.o
                                         0x8e (size before relaxing)
 .rodata.ethbroadcast
                0x000000000800689a        0x6 ./Middlewares/Third_Party/LwIP/src/netif/ethernet.o
                0x000000000800689a                ethbroadcast
 .rodata.ethzero
                0x00000000080068a0        0x6 ./Middlewares/Third_Party/LwIP/src/netif/ethernet.o
                0x00000000080068a0                ethzero
 *fill*         0x00000000080068a6        0x2 
 .rodata._global_impure_ptr
                0x00000000080068a8        0x4 c:/st/stm32cubeide_1.6.1/stm32cubeide/plugins/com.st.stm32cube.ide.mcu.externaltools.gnu-tools-for-stm32.10.3-2021.10.win32_1.0.200.202301161003/tools/bin/../lib/gcc/arm-none-eabi/10.3.1/../../../../arm-none-eabi/lib/thumb/v7e-m+fp/hard\libc_nano.a(lib_a-impure.o)
                0x00000000080068a8                _global_impure_ptr
 .rodata.srand.str1.1
                0x00000000080068ac       0x72 c:/st/stm32cubeide_1.6.1/stm32cubeide/plugins/com.st.stm32cube.ide.mcu.externaltools.gnu-tools-for-stm32.10.3-2021.10.win32_1.0.200.202301161003/tools/bin/../lib/gcc/arm-none-eabi/10.3.1/../../../../arm-none-eabi/lib/thumb/v7e-m+fp/hard\libc_nano.a(lib_a-rand.o)
 .rodata.__assert_func.str1.1
                0x000000000800691e       0x3c c:/st/stm32cubeide_1.6.1/stm32cubeide/plugins/com.st.stm32cube.ide.mcu.externaltools.gnu-tools-for-stm32.10.3-2021.10.win32_1.0.200.202301161003/tools/bin/../lib/gcc/arm-none-eabi/10.3.1/../../../../arm-none-eabi/lib/thumb/v7e-m+fp/hard\libc_nano.a(lib_a-assert.o)
                                         0x3d (size before relaxing)
 *fill*         0x000000000800695a        0x2 
 .rodata.__sf_fake_stderr
                0x000000000800695c       0x20 c:/st/stm32cubeide_1.6.1/stm32cubeide/plugins/com.st.stm32cube.ide.mcu.externaltools.gnu-tools-for-stm32.10.3-2021.10.win32_1.0.200.202301161003/tools/bin/../lib/gcc/arm-none-eabi/10.3.1/../../../../arm-none-eabi/lib/thumb/v7e-m+fp/hard\libc_nano.a(lib_a-findfp.o)
                0x000000000800695c                __sf_fake_stderr
 .rodata.__sf_fake_stdin
                0x000000000800697c       0x20 c:/st/stm32cubeide_1.6.1/stm32cubeide/plugins/com.st.stm32cube.ide.mcu.externaltools.gnu-tools-for-stm32.10.3-2021.10.win32_1.0.200.202301161003/tools/bin/../lib/gcc/arm-none-eabi/10.3.1/../../../../arm-none-eabi/lib/thumb/v7e-m+fp/hard\libc_nano.a(lib_a-findfp.o)
                0x000000000800697c                __sf_fake_stdin
 .rodata.__sf_fake_stdout
                0x000000000800699c       0x20 c:/st/stm32cubeide_1.6.1/stm32cubeide/plugins/com.st.stm32cube.ide.mcu.externaltools.gnu-tools-for-stm32.10.3-2021.10.win32_1.0.200.202301161003/tools/bin/../lib/gcc/arm-none-eabi/10.3.1/../../../../arm-none-eabi/lib/thumb/v7e-m+fp/hard\libc_nano.a(lib_a-findfp.o)
                0x000000000800699c                __sf_fake_stdout
 .rodata._vfprintf_r.str1.1
                0x00000000080069bc       0x11 c:/st/stm32cubeide_1.6.1/stm32cubeide/plugins/com.st.stm32cube.ide.mcu.externaltools.gnu-tools-for-stm32.10.3-2021.10.win32_1.0.200.202301161003/tools/bin/../lib/gcc/arm-none-eabi/10.3.1/../../../../arm-none-eabi/lib/thumb/v7e-m+fp/hard\libc_nano.a(lib_a-nano-vfprintf.o)
 .rodata._printf_i.str1.1
                0x00000000080069cd       0x22 c:/st/stm32cubeide_1.6.1/stm32cubeide/plugins/com.st.stm32cube.ide.mcu.externaltools.gnu-tools-for-stm32.10.3-2021.10.win32_1.0.200.202301161003/tools/bin/../lib/gcc/arm-none-eabi/10.3.1/../../../../arm-none-eabi/lib/thumb/v7e-m+fp/hard\libc_nano.a(lib_a-nano-vfprintf_i.o)
                0x00000000080069f0                . = ALIGN (0x4)
 *fill*         0x00000000080069ef        0x1 

.ARM.extab      0x00000000080069f0        0x0
                0x00000000080069f0                . = ALIGN (0x4)
 *(.ARM.extab* .gnu.linkonce.armextab.*)
                0x00000000080069f0                . = ALIGN (0x4)

.ARM            0x00000000080069f0        0x8
                0x00000000080069f0                . = ALIGN (0x4)
                0x00000000080069f0                __exidx_start = .
 *(.ARM.exidx*)
 .ARM.exidx     0x00000000080069f0        0x8 c:/st/stm32cubeide_1.6.1/stm32cubeide/plugins/com.st.stm32cube.ide.mcu.externaltools.gnu-tools-for-stm32.10.3-2021.10.win32_1.0.200.202301161003/tools/bin/../lib/gcc/arm-none-eabi/10.3.1/thumb/v7e-m+fp/hard\libgcc.a(_udivmoddi4.o)
                0x00000000080069f8                __exidx_end = .
                0x00000000080069f8                . = ALIGN (0x4)

.rel.dyn        0x00000000080069f8        0x0
 .rel.iplt      0x00000000080069f8        0x0 c:/st/stm32cubeide_1.6.1/stm32cubeide/plugins/com.st.stm32cube.ide.mcu.externaltools.gnu-tools-for-stm32.10.3-2021.10.win32_1.0.200.202301161003/tools/bin/../lib/gcc/arm-none-eabi/10.3.1/thumb/v7e-m+fp/hard/crtbegin.o

.preinit_array  0x00000000080069f8        0x0
                0x00000000080069f8                . = ALIGN (0x4)
                0x00000000080069f8                PROVIDE (__preinit_array_start = .)
 *(.preinit_array*)
                0x00000000080069f8                PROVIDE (__preinit_array_end = .)
                0x00000000080069f8                . = ALIGN (0x4)

.init_array     0x00000000080069f8        0x4
                0x00000000080069f8                . = ALIGN (0x4)
                0x00000000080069f8                PROVIDE (__init_array_start = .)
 *(SORT_BY_NAME(.init_array.*))
 *(.init_array*)
 .init_array    0x00000000080069f8        0x4 c:/st/stm32cubeide_1.6.1/stm32cubeide/plugins/com.st.stm32cube.ide.mcu.externaltools.gnu-tools-for-stm32.10.3-2021.10.win32_1.0.200.202301161003/tools/bin/../lib/gcc/arm-none-eabi/10.3.1/thumb/v7e-m+fp/hard/crtbegin.o
                0x00000000080069fc                PROVIDE (__init_array_end = .)
                0x00000000080069fc                . = ALIGN (0x4)

.fini_array     0x00000000080069fc        0x4
                0x00000000080069fc                . = ALIGN (0x4)
                [!provide]                        PROVIDE (__fini_array_start = .)
 *(SORT_BY_NAME(.fini_array.*))
 *(.fini_array*)
 .fini_array    0x00000000080069fc        0x4 c:/st/stm32cubeide_1.6.1/stm32cubeide/plugins/com.st.stm32cube.ide.mcu.externaltools.gnu-tools-for-stm32.10.3-2021.10.win32_1.0.200.202301161003/tools/bin/../lib/gcc/arm-none-eabi/10.3.1/thumb/v7e-m+fp/hard/crtbegin.o
                [!provide]                        PROVIDE (__fini_array_end = .)
                0x0000000008006a00                . = ALIGN (0x4)
                0x0000000008006a00                _sidata = LOADADDR (.data)

.data           0x0000000020000000       0x78 load address 0x0000000008006a00
                0x0000000020000000                . = ALIGN (0x4)
                0x0000000020000000                _sdata = .
 *(.data)
 *(.data*)
 .data.EncoderPointer
                0x0000000020000000        0x2 ./Core/Src/main.o
                0x0000000020000000                EncoderPointer
 *fill*         0x0000000020000002        0x2 
 .data.SystemCoreClock
                0x0000000020000004        0x4 ./Core/Src/system_stm32f4xx.o
                0x0000000020000004                SystemCoreClock
 .data.uwTickFreq
                0x0000000020000008        0x1 ./Drivers/STM32F4xx_HAL_Driver/Src/stm32f4xx_hal.o
                0x0000000020000008                uwTickFreq
 *fill*         0x0000000020000009        0x3 
 .data.uwTickPrio
                0x000000002000000c        0x4 ./Drivers/STM32F4xx_HAL_Driver/Src/stm32f4xx_hal.o
                0x000000002000000c                uwTickPrio
 .data.udp_port
                0x0000000020000010        0x2 ./Middlewares/Third_Party/LwIP/src/core/udp.o
 *fill*         0x0000000020000012        0x2 
 .data._impure_ptr
                0x0000000020000014        0x4 c:/st/stm32cubeide_1.6.1/stm32cubeide/plugins/com.st.stm32cube.ide.mcu.externaltools.gnu-tools-for-stm32.10.3-2021.10.win32_1.0.200.202301161003/tools/bin/../lib/gcc/arm-none-eabi/10.3.1/../../../../arm-none-eabi/lib/thumb/v7e-m+fp/hard\libc_nano.a(lib_a-impure.o)
                0x0000000020000014                _impure_ptr
 .data.impure_data
                0x0000000020000018       0x60 c:/st/stm32cubeide_1.6.1/stm32cubeide/plugins/com.st.stm32cube.ide.mcu.externaltools.gnu-tools-for-stm32.10.3-2021.10.win32_1.0.200.202301161003/tools/bin/../lib/gcc/arm-none-eabi/10.3.1/../../../../arm-none-eabi/lib/thumb/v7e-m+fp/hard\libc_nano.a(lib_a-impure.o)
 *(.RamFunc)
 *(.RamFunc*)
                0x0000000020000078                . = ALIGN (0x4)
                0x0000000020000078                _edata = .

.igot.plt       0x0000000020000078        0x0 load address 0x0000000008006a78
 .igot.plt      0x0000000020000078        0x0 c:/st/stm32cubeide_1.6.1/stm32cubeide/plugins/com.st.stm32cube.ide.mcu.externaltools.gnu-tools-for-stm32.10.3-2021.10.win32_1.0.200.202301161003/tools/bin/../lib/gcc/arm-none-eabi/10.3.1/thumb/v7e-m+fp/hard/crtbegin.o
                0x0000000020000078                . = ALIGN (0x4)

.bss            0x0000000020000078     0x8730 load address 0x0000000008006a78
                0x0000000020000078                _sbss = .
                0x0000000020000078                __bss_start__ = _sbss
 *(.bss)
 .bss           0x0000000020000078       0x1c c:/st/stm32cubeide_1.6.1/stm32cubeide/plugins/com.st.stm32cube.ide.mcu.externaltools.gnu-tools-for-stm32.10.3-2021.10.win32_1.0.200.202301161003/tools/bin/../lib/gcc/arm-none-eabi/10.3.1/thumb/v7e-m+fp/hard/crtbegin.o
 *(.bss*)
 .bss.FROM_CONT
                0x0000000020000094      0x140 ./Core/Src/main.o
                0x0000000020000094                FROM_CONT
 .bss.TO_CONT   0x00000000200001d4      0x140 ./Core/Src/main.o
                0x00000000200001d4                TO_CONT
 .bss.encData   0x0000000020000314       0x20 ./Core/Src/main.o
                0x0000000020000314                encData
 .bss.hspi1     0x0000000020000334       0x58 ./Core/Src/main.o
                0x0000000020000334                hspi1
 .bss.notdummy  0x000000002000038c        0x1 ./Core/Src/main.o
                0x000000002000038c                notdummy
 .bss.buttonOFFpressed
                0x000000002000038d        0x1 ./Core/Src/stm32f4xx_it.o
                0x000000002000038d                buttonOFFpressed
 .bss.buttonTickCount
                0x000000002000038e        0x2 ./Core/Src/stm32f4xx_it.o
                0x000000002000038e                buttonTickCount
 .bss.__sbrk_heap_end
                0x0000000020000390        0x4 ./Core/Src/sysmem.o
 .bss.ARPTimer  0x0000000020000394        0x4 ./Core/Src/udp_server.o
                0x0000000020000394                ARPTimer
 .bss.LEDG_ticking_timeout
                0x0000000020000398        0x4 ./Core/Src/udp_server.o
                0x0000000020000398                LEDG_ticking_timeout
 .bss.LEDG_ticking_timer
                0x000000002000039c        0x4 ./Core/Src/udp_server.o
                0x000000002000039c                LEDG_ticking_timer
 .bss.LED_ticking_flag
                0x00000000200003a0        0x1 ./Core/Src/udp_server.o
                0x00000000200003a0                LED_ticking_flag
 *fill*         0x00000000200003a1        0x1 
 .bss.RX_ETH    0x00000000200003a2      0x140 ./Core/Src/udp_server.o
                0x00000000200003a2                RX_ETH
 .bss.TX_ETH    0x00000000200004e2      0x140 ./Core/Src/udp_server.o
                0x00000000200004e2                TX_ETH
 *fill*         0x0000000020000622        0x2 
 .bss.sysTickCount
                0x0000000020000624        0x4 ./Core/Src/udp_server.o
                0x0000000020000624                sysTickCount
 .bss.uwTick    0x0000000020000628        0x4 ./Drivers/STM32F4xx_HAL_Driver/Src/stm32f4xx_hal.o
                0x0000000020000628                uwTick
 .bss.GATEWAY_ADDRESS
                0x000000002000062c        0x4 ./LWIP/App/lwip.o
                0x000000002000062c                GATEWAY_ADDRESS
 .bss.IP_ADDRESS
                0x0000000020000630        0x4 ./LWIP/App/lwip.o
                0x0000000020000630                IP_ADDRESS
 .bss.NETMASK_ADDRESS
                0x0000000020000634        0x4 ./LWIP/App/lwip.o
                0x0000000020000634                NETMASK_ADDRESS
 .bss.gnetif    0x0000000020000638       0x34 ./LWIP/App/lwip.o
                0x0000000020000638                gnetif
 .bss.gw        0x000000002000066c        0x4 ./LWIP/App/lwip.o
                0x000000002000066c                gw
 .bss.ipaddr    0x0000000020000670        0x4 ./LWIP/App/lwip.o
                0x0000000020000670                ipaddr
 .bss.netmask   0x0000000020000674        0x4 ./LWIP/App/lwip.o
                0x0000000020000674                netmask
 .bss.DMARxDscrTab
                0x0000000020000678       0x80 ./LWIP/Target/ethernetif.o
                0x0000000020000678                DMARxDscrTab
 .bss.DMATxDscrTab
                0x00000000200006f8       0x80 ./LWIP/Target/ethernetif.o
                0x00000000200006f8                DMATxDscrTab
 .bss.Rx_Buff   0x0000000020000778     0x17d0 ./LWIP/Target/ethernetif.o
                0x0000000020000778                Rx_Buff
 .bss.Tx_Buff   0x0000000020001f48     0x17d0 ./LWIP/Target/ethernetif.o
                0x0000000020001f48                Tx_Buff
 .bss.heth      0x0000000020003718       0x48 ./LWIP/Target/ethernetif.o
                0x0000000020003718                heth
 .bss.ip_data   0x0000000020003760       0x18 ./Middlewares/Third_Party/LwIP/src/core/ip.o
                0x0000000020003760                ip_data
 .bss.lfree     0x0000000020003778        0x4 ./Middlewares/Third_Party/LwIP/src/core/mem.o
 .bss.ram       0x000000002000377c        0x4 ./Middlewares/Third_Party/LwIP/src/core/mem.o
 .bss.ram_end   0x0000000020003780        0x4 ./Middlewares/Third_Party/LwIP/src/core/mem.o
 .bss.ram_heap  0x0000000020003784      0x653 ./Middlewares/Third_Party/LwIP/src/core/mem.o
                0x0000000020003784                ram_heap
 .bss.memp_memory_ARP_QUEUE_base
                0x0000000020003dd7      0x323 ./Middlewares/Third_Party/LwIP/src/core/memp.o
                0x0000000020003dd7                memp_memory_ARP_QUEUE_base
 .bss.memp_memory_PBUF_POOL_base
                0x00000000200040fa     0x4103 ./Middlewares/Third_Party/LwIP/src/core/memp.o
                0x00000000200040fa                memp_memory_PBUF_POOL_base
 .bss.memp_memory_PBUF_base
                0x00000000200081fd       0x13 ./Middlewares/Third_Party/LwIP/src/core/memp.o
                0x00000000200081fd                memp_memory_PBUF_base
 .bss.memp_memory_SYS_TIMEOUT_base
                0x0000000020008210       0x83 ./Middlewares/Third_Party/LwIP/src/core/memp.o
                0x0000000020008210                memp_memory_SYS_TIMEOUT_base
 .bss.memp_memory_UDP_PCB_base
                0x0000000020008293       0x23 ./Middlewares/Third_Party/LwIP/src/core/memp.o
                0x0000000020008293                memp_memory_UDP_PCB_base
 *fill*         0x00000000200082b6        0x2 
 .bss.memp_tab_ARP_QUEUE
                0x00000000200082b8        0x4 ./Middlewares/Third_Party/LwIP/src/core/memp.o
 .bss.memp_tab_PBUF
                0x00000000200082bc        0x4 ./Middlewares/Third_Party/LwIP/src/core/memp.o
 .bss.memp_tab_PBUF_POOL
                0x00000000200082c0        0x4 ./Middlewares/Third_Party/LwIP/src/core/memp.o
 .bss.memp_tab_SYS_TIMEOUT
                0x00000000200082c4        0x4 ./Middlewares/Third_Party/LwIP/src/core/memp.o
 .bss.memp_tab_UDP_PCB
                0x00000000200082c8        0x4 ./Middlewares/Third_Party/LwIP/src/core/memp.o
 .bss.netif_default
                0x00000000200082cc        0x4 ./Middlewares/Third_Party/LwIP/src/core/netif.o
                0x00000000200082cc                netif_default
 .bss.netif_list
                0x00000000200082d0        0x4 ./Middlewares/Third_Party/LwIP/src/core/netif.o
                0x00000000200082d0                netif_list
 .bss.netif_num
                0x00000000200082d4        0x1 ./Middlewares/Third_Party/LwIP/src/core/netif.o
 *fill*         0x00000000200082d5        0x3 
 .bss.current_timeout_due_time
                0x00000000200082d8        0x4 ./Middlewares/Third_Party/LwIP/src/core/timeouts.o
 .bss.next_timeout
                0x00000000200082dc        0x4 ./Middlewares/Third_Party/LwIP/src/core/timeouts.o
 .bss.udp_pcbs  0x00000000200082e0        0x4 ./Middlewares/Third_Party/LwIP/src/core/udp.o
                0x00000000200082e0                udp_pcbs
 .bss.arp_table
                0x00000000200082e4      0x4b0 ./Middlewares/Third_Party/LwIP/src/core/ipv4/etharp.o
 .bss.etharp_cached_entry
                0x0000000020008794        0x1 ./Middlewares/Third_Party/LwIP/src/core/ipv4/etharp.o
 *fill*         0x0000000020008795        0x1 
 .bss.ip_id     0x0000000020008796        0x2 ./Middlewares/Third_Party/LwIP/src/core/ipv4/ip4.o
 .bss.errno     0x0000000020008798        0x4 c:/st/stm32cubeide_1.6.1/stm32cubeide/plugins/com.st.stm32cube.ide.mcu.externaltools.gnu-tools-for-stm32.10.3-2021.10.win32_1.0.200.202301161003/tools/bin/../lib/gcc/arm-none-eabi/10.3.1/../../../../arm-none-eabi/lib/thumb/v7e-m+fp/hard\libc_nano.a(lib_a-reent.o)
                0x0000000020008798                errno
 .bss.__lock___malloc_recursive_mutex